[    0.000000] Initializing cgroup subsys cpuset
[    0.000000] Initializing cgroup subsys cpu
[    0.000000] Initializing cgroup subsys cpuacct
[    0.000000] Linux version 4.4.0-116-generic (buildd@lgw01-amd64-021) (gcc version 5.4.0 20160609 (Ubuntu 5.4.0-6ubuntu1~16.04.9) ) #140-Ubuntu SMP Mon Feb 12 21:23:04 UTC 2018 (Ubuntu 4.4.0-116.140-generic 4.4.98)
[    0.000000] Command line: BOOT_IMAGE=/boot/vmlinuz-4.4.0-116-generic root=LABEL=cloudimg-rootfs ro console=tty1 console=ttyS0
[   0.000000] KERNEL supported cpus:
[    0.000000]   Intel GenuineIntel
[    0.000000]   AMD AuthenticAMD
[    0.000000]   Centaur CentaurHauls
[    0.000000] x86/fpu: xstate_offset[2]:  576, xstate_sizes[2]:  256
[    0.000000] x86/fpu: Supporting XSAVE feature 0x01: 'x87 floating point registers'
[    0.000000] x86/fpu: Supporting XSAVE feature 0x02: 'SSE registers'
[    0.000000] x86/fpu: Supporting XSAVE feature 0x04: 'AVX registers'
[    0.000000] x86/fpu: Enbled xstate features 0x7, context size is 832 bytes, using 'standard' format.
[    0.000000] x86/fpu: Using 'lazy' FPU context switches.
[    0.000000] e820: BIOS-provided physical RAM map:
[    0.000000] BIOS-e820: [mem 0x0000000000000000-0x000000000009fbff] usable
[    0.000000] BIOS-e820: [mem 0x000000000009fc00-0x000000000009ffff] reserved
[    0.000000] BIOS-e820: [mem 0x00000000000f0000-0x00000000000fffff] reserved
[    0.000000] BIOS-e820: [mem 0x0000000000100000-0x000000007ffeffff] usable
[    0.000000] BIOS-e820: [mem 0x000000007fff0000-0x000000007fffffff] ACPI data
[    0.000000] BIOS-e820: [mem 0x00000000fec00000-0x00000000fec00fff] reserved
[    0.000000] BIOS-e820: [mem 0x00000000fee00000-0x00000000fee00fff] reserved
[    0.000000] BIOS-e820: [mem 0x00000000fffc0000-0x00000000ffffffff] reserved
[    0.000000] NX (Execute Disable) protection: active
[    0.000000] SMBIOS 2.5 present.
[    0.000000] Hypervisor detected: KVM
[    0.000000] e820: last_pfn = 0x7fff0 max_arch_pfn = 0x400000000
[    0.000000] MTRR: Disabled
[    0.000000] x86/PAT: MTRRs disabled, skipping PAT initialization too.
[    0.000000] CPU MTRRs all blank - virtualized system.
[    0.000000] x86/PAT: Configuration [0-7]: WB  WT  UC- UC  WB  WT  UC- UC  
[    0.000000] found SMP MP-table at [mem 0x0009fff0-0x0009ffff] mapped at [ffff88000009fff0]
[    0.000000] Scanning 1 areas for low memory corruption
[    0.000000] RAMDISK: [mem 0x36ab2000-0x37550fff]
[    0.000000] ACPI: Early table checksum verification disabled
[    0.000000] ACPI: RSDP 0x00000000000E0000 000024 (v02 VBOX  )
[    0.000000] ACPI: XSDT 0x000000007FFF0030 00003C (v01 VBOX   VBOXXSDT 00000001 ASL  00000061)
[    0.000000] ACPI: FACP 0x000000007FFF00F0 0000F4 (v04 VBOX   VBOXFACP 00000001 ASL  00000061)
[    0.000000] ACPI: DSDT 0x000000007FFF0470 0021FF (v02 VBOX   VBOXBIOS 00000002 INTL 20160831)
[    0.000000] ACPI: FACS 0x000000007FFF0200 000040
[    0.000000] ACPI: FACS 0x000000007FFF0200 000040
[    0.000000] ACPI: APIC 0x000000007FFF0240 00005C (v02 VBOX   VBOXAPIC 00000001 ASL  00000061)
[    0.000000] ACPI: SSDT 0x000000007FFF02A0 0001CC (v01 VBOX   VBOXCPUT 00000002 INTL 20160831)
[    0.000000] No NUMA configuration found
[    0.000000] Faking a node at [mem 0x0000000000000000-0x000000007ffeffff]
[    0.000000] NODE_DATA(0) allocated [mem 0x7ffeb000-0x7ffeffff]
[    0.000000] kvm-clock: Using msrs 4b564d01 and 4b564d00
[    0.000000] kvm-clock: cpu 0, msr 0:7ffe3001, primary cpu clock
[    0.000000] kvm-clock: using sched offset of 3080075692 cycles
[    0.000000] clocksource: kvm-clock: mask: 0xffffffffffffffff max_cycles: 0x1cd42e4dffb, max_idle_ns: 881590591483 ns
[    0.000000] Zone ranges:
[    0.000000]   DMA      [mem 0x0000000000001000-0x0000000000ffffff]
[    0.000000]   DMA32    [mem 0x0000000001000000-0x000000007ffeffff]
[    0.000000]   Normal   empty
[    0.000000]   Device   empty
[    0.000000] Movable zone start for each node
[    0.000000] Early memory node ranges
[    0.000000]   node   0: [mem 0x0000000000001000-0x000000000009efff]
[    0.000000]   node   0: [mem 0x0000000000100000-0x000000007ffeffff]
[    0.000000] Initmem setup node 0 [mem 0x0000000000001000-0x000000007ffeffff]
[    0.000000] ACPI: PM-Timer IO Port: 0x4008
[    0.000000] IOAPIC[0]: apic_id 2, version 32, address 0xfec00000, GSI 0-23
[    0.000000] ACPI: INT_SRC_OVR (bus 0 bus_irq 0 global_irq 2 dfl dfl)
[    0.000000] ACPI: INT_SRC_OVR (bus 0 bus_irq 9 global_irq 9 high level)
[    0.000000] Using ACPI (MADT) for SMP configuration information
[    0.000000] smpboot: Allowing 2 CPUs, 0 hotplug CPUs
[    0.000000] PM: Registered nosave memory: [mem 0x00000000-0x00000fff]
[    0.000000] PM: Registered nosave memory: [mem 0x0009f000-0x0009ffff]
[    0.000000] PM: Registered nosave memory: [mem 0x000a0000-0x000effff]
[    0.000000] PM: Registered nosave memory: [mem 0x000f0000-0x000fffff]
[    0.000000] e820: [mem 0x80000000-0xfebfffff] available for PCI devices
[    0.000000] Booting paravirtualized kernel on KVM
[    0.000000] clocksource: refined-jiffies: mask: 0xffffffff max_cycles: 0xffffffff, max_idle_ns: 7645519600211568 ns
[    0.000000] setup_percpu: NR_CPUS:512 nr_cpumask_bits:512 nr_cpu_ids:2 nr_node_ids:1
[    0.000000] PERCPU: Embedded 34 pages/cpu @ffff88007fc00000 s99544 r8192 d31528 u1048576
[    0.000000] PV qspinlock hash table entries: 256 (order: 0, 4096 bytes)
[    0.000000] Built 1 zonelists in Node order, mobility grouping on.  Total pages: 515961
[    0.000000] Policy zone: DMA32
[    0.000000] Kernel command line: BOOT_IMAGE=/boot/vmlinuz-4.4.0-116-generic root=LABEL=cloudimg-rootfs ro console=tty1 console=ttyS0
[    0.000000] PID hash table entries: 4096 (order: 3, 32768 bytes)
[    0.000000] Memory: 2033848K/2096696K available (8530K kernel code, 1309K rwdata, 3992K rodata, 1508K init, 1316K bss, 62848K reserved, 0K cma-reserved)
[    0.000000] SLUB: HWalign=64, Order=0-3, MinObjects=0, CPUs=2, Nodes=1
[    0.000000] Kernel/User page tables isolation: enabled
[    0.000000] Hierarchical RCU implementation.
[    0.000000] 	Build-time adjustment of leaf fanout to 64.
[    0.000000] 	RCU restricting CPUs from NR_CPUS=512 to nr_cpu_ids=2.
[    0.000000] RCU: Adjusting geometry for rcu_fanout_leaf=64, nr_cpu_ids=2
[    0.000000] NR_IRQS:33024 nr_irqs:440 16
[    0.000000] Console: colour VGA+ 80x25
[    0.000000] console [tty1] enabled
[    0.000000] console [ttyS0] enabled
[    0.000000] tsc: Detected 3192.744 MHz processor
[    4.781512] Calibrating delay loop (skipped) preset value.. 6385.48 BogoMIPS (lpj=12770976)
[    4.897806] pid_max: default: 32768 minimum: 301
[    4.898505] ACPI: Core revision 20150930
[    4.899998] ACPI: 2 ACPI AML tables successfully acquired and loaded
[    5.073130] Security Framework initialized
[    5.93692] Yama: becoming mindful.
[    5.310648] AppArmor: AppArmor initialized
[    5.421145] Dentry cache hash table entries: 262144 (order: 9, 2097152 bytes)
[    5.605739] Inode-cache hash table entries: 131072 (order: 8, 1048576 bytes)
[    5.729198] Mount-cache hash table entries: 4096 (order: 3, 32768 bytes)
[    5.896709] Mountpoint-cache hash table entries: 4096 (order: 3, 32768 bytes)
[    5.900645] Initializing cgroup subsys io
[    5.901281] Initializing cgroup subsys memory
[    5.901968] Initializing cgroup subsys devices
[    5.904913] Initializing cgroup subsys freezer
[    5.905608] Initializing cgroup subsys net_cls
[    5.906284] Initializing cgroup subsys perf_event
[    5.909209] Initializing cgroup subsys net_prio
[    5.910988] Initializing cgroup subsys hugetlb
[    5.911656] Initializing cgroup subsys pids
[    5.912371] CPU: Physical Processor ID: 0
[    5.913061] CPU: Processor Core ID: 0
[    5.913659] FEATURE SPEC_CTRL Not Present
[    5.914563] mce: CPU supports 0 MCE banks
[    5.916281] Last level iTLB entries: 4KB 512, 2MB 8, 4MB 8
[    5.917141] Last level dTLB entries: 4KB 512, 2MB 32, 4MB 32, 1GB 0
[    5.917999] Spectre V2 mitigation: Mitigation: Full generic retpoline
[    5.920231] Spectre V2 mitigation: Speculation control IBPB not-supported IBRS not-supported
[    5.928541] Freeing SMP alternatives memory: 32K
[    5.937050] ftrace: allocating 32186 entries in 126 pages
[    6.143336] smpboot: APIC(0) Converting physical 0 to logical package 0
[    6.334561] smpboot: Max logical packages: 1
[    6.461501] x2apic enabled
[    6.537145] Switched APIC routing to physical x2apic.
[    6.673874] ..TIMER: vector=0x30 apic1=0 pin1=2 apic2=-1 pin2=-1
[    6.812647] smpboot: CPU0: Intel(R) Core(TM) i5-3470 CPU @ 3.20GHz (family: 0x6, model: 0x3a, stepping: 0x9)
[    7.095972] Performance Events: unsupported p6 CPU model 58 no PMU driver, software events only.
[    7.352311] KVM setup paravirtual spinlock
[    7.401040] x86: Booting SMP configuration:
[    7.405639] .... node  #0, CPUs:      #1
[    7.406424] kvm-clock: cpu 1, msr 0:7ffe3041, secondary cpu clock
[    7.407350] mce: CPU supports 0 MCE banks
[    7.409742] x86: Booted up 1 node, 2 CPUs
[    7.410556] smpboot: Total of 2 processors activated (12770.97 BogoMIPS)
[    7.411875] devtmpfs: initialized
[    7.496080] evm: security.selinux
[    7.592428] evm: security.SMACK64
[    7.686038] evm: security.SMACK64EXEC
[    7.769445] evm: security.SMACK64TRANSMUTE
[    7.837684] evm: security.SMACK64MMAP
[    7.897263] evm: security.ima
[    7.897844] evm: security.capability
[    7.898734] clocksource: jiffies: mask: 0xffffffff max_cycles: 0xffffffff, max_idle_ns: 7645041785100000 ns
[    7.900154] futex hash table entries: 512 (order: 3, 32768 bytes)
[    7.901109] pinctrl core: initialized pinctrl subsystem
[    7.902002] RTC time: 20:15:27, date: 04/02/18
[    7.903940] NET: Registered protocol family 16
[    7.912897] cpuidle: using governor ladder
[    8.044964] cpuidle: using governor menu
[    8.149604] PCCT header not found.
[    8.243105] ACPI: bus type PCI registered
[    8.355255] acpiphp: ACPI Hot Plug PCI Controller Driver version: 0.5
[    8.415845] PCI: Using configuration type 1 for base access
[    8.589740] ACPI: Added _OSI(Module Device)
[    8.707941] ACPI: Added _OSI(Processor Device)
[    8.826355] ACPI: Added _OSI(3.0 _SCP Extensions)
[    8.883721] ACPI: Added _OSI(Processor Aggregator Device)
[    9.042660] ACPI: Executed 1 blocks of module-level executable AML code
[    9.234610] ACPI: Interpreter enabled
[    9.342281] ACPI: (supports S0 S5)
[    9.439466] ACPI: Using IOAPIC for interrupt routing
[    9.587275] PCI: Using host bridge windows from ACPI; if necessary, use "pci=nocrs" and report a bug
[    9.859950] ACPI: PCI Root Bridge [PCI0] (domain 0000 [bus 00-ff])
[    9.917792] acpi PNP0A03:00: _OSC: OS supports [ASPM ClockPM Segments MSI]
[   10.081610] acpi PNP0A03:00: _OSC: not requesting OS control; OS requires [ExtendedConfig ASPM ClockPM MSI]
[   10.232444] acpi PNP0A03:00: fail to add MMCONFIG information, can't access extended PCI configuration space under this bridge.
[   10.572148] PCI host bridge to bus 0000:00
[   10.693689] pci_bus 0000:00: root bus resource [io  0x0000-0x0cf7 window]
[   10.893799] pci_bus 0000:00: root bus resource [io  0x0d00-0xffff window]
[   11.006563] pci_bus 0000:00: root bus resource [mem 0x000a0000-0x000bffff window]
[   11.203990] pci_bus 0000:00: root bus resource [mem 0x80000000-0xffdfffff window]
[   11.424425] pci_bus 0000:00: root bus resource [bus 00-ff]
[   11.560190] pci 0000:00:01.1: legacy IDE quirk: reg 0x10: [io  0x01f0-0x01f7]
[   11.770927] pci 0000:00:01.1: legacy IDE quirk: reg 0x14: [io  0x03f6]
[   11.967029] pci 0000:00:01.1: legacy IDE quirk: reg 0x18: [io  0x0170-0x0177]
[   12.082654] pci 0000:00:01.1: legacy IDE quirk: reg 0x1c: [io  0x0376]
[   12.300642] pci 0000:00:07.0: quirk: [io  0x4000-0x403f] claimed by PIIX4 ACPI
[   12.500575] pci 0000:00:07.0: quirk: [io  0x4100-0x410f] claimed by PIIX4 SMB
[   12.620596] ACPI: PCI Interrupt Link [LNKA] (IRQs 5 9 10 *11)
[   12.769753] ACPI: PCI Interrupt Link [LNKB] (IRQs 5 9 10 *11)
[   12.893817] ACPI: PCI Interrupt Link [LNKC] (IRQs 5 9 *10 11)
[   13.036912] ACPI: PCI Interrupt Link [LNKD] (IRQs 5 *9 10 11)
[   13.124145] ACPI: Enabled 2 GPEs in block 00 to 07
[   13.234062] vgaarb: setting as boot device: PCI:0000:00:02.0
[   13.398550] vgaarb: device added: PCI:0000:00:02.0,decodes=io+mem,owns=io+mem,locks=none
[   13.641218] vgaarb: loaded
[   13.716263] vgaarb: bridge control possible 0000:00:02.0
[   13.874758] SCSI subsystem initialized
[   13.977494] ACPI: bus type USB registered
[   14.090140] usbcore: registered new interface driver usbfs
[   14.191051] usbcore: registered new interface driver hub
[   14.345538] usbcore: registered new device driver usb
[   14.493603] PCI: Using ACPI for IRQ routing
[   14.616348] NetLabel: Initializing
[   14.718036] NetLabel:  domain hash size = 128
[   14.844726] NetLabel:  protocols = UNLABELED CIPSOv4
[   14.993624] NetLabel:  unlabeled traffic allowed by default
[   15.157522] amd_nb: Cannot enumerate AMD northbridges
[   15.255581] clocksource: Switched to clocksource kvm-clock
[   15.294871] AppArmor: AppArmor Filesystem Enabled
[   15.404578] pnp: PnP ACPI init
[   15.405788] pnp: PnP ACPI: found 3 devices
[   15.416877] clocksource: acpi_pm: mask: 0xffffff max_cycles: 0xffffff, max_idle_ns: 2085701024 ns
[   15.679761] NET: Registered protocol family 2
[   15.806864] TCP established hash table entries: 16384 (order: 5, 131072 bytes)
[   16.011109] TCP bind hash table entries: 16384 (order: 6, 262144 bytes)
[   16.216539] TCP: Hash tables configured (established 16384 bind 16384)
[   16.330109] UDP hash table entries: 1024 (order: 3, 32768 bytes)
[   16.378520] UDP-Lite hash table entries: 1024 (order: 3, 32768 bytes)
[   16.397998] NET: Registered protocol family 1
[   16.398722] pci 0000:00:00.0: Limiting direct PCI/PCI transfers
[   16.399557] pci 0000:00:01.0: Activating ISA DMA hang workarounds
[   16.400552] Unpacking initramfs...
[   17.879334] Freeing initrd memory: 10876K
[   17.988072] RAPL PMU detected, API unit is 2^-32 Joules, 3 fixed counters 10737418240 ms ovfl timer
[   18.085307] hw unit of domain pp0-core 2^-0 Joules
[   18.211079] hw unit of domain package 2^-0 Joules
[   18.345213] hw unit of domain pp1-gpu 2^-0 Joules
[   18.446327] platform rtc_cmos: registered platform RTC device (no PNP device found)
[   18.593769] Scanning for low memory corruption every 60 seconds
[   18.771512] audit: initializing netlink subsys (disabled)
[   18.930825] audit: type=2000 audit(1522700129.083:1): initialized
[   19.104308] Initialise system trusted keyring
[   19.227022] HugeTLB registered 2 MB page size, pre-allocated 0 pages
[   19.419190] zbud: loaded
[   19.503153] tsc: Refined TSC clocksource calibration: 3192.999 MHz
[   19.667357] clocksource: tsc: mask: 0xffffffffffffffff max_cycles: 0x2e06742a6bb, max_idle_ns: 440795263267 ns
[   19.667787] VFS: Disk quotas dquot_6.6.0
[   19.667815] VFS: Dquot-cache hash table entries: 512 (order 0, 4996 bytes)
[   19.668063] squashfs: version 4.0 (2009/01/31) Phillip Lougher
[   19.668291] fuse init (API version 7.23)
[   19.668407] Key type big_key registered
[   19.668423] Allocating IMA MOK and blacklist keyrings.
[   19.668653] Key type asymmetric registered
[   19.668655] Asymmetric key parser 'x509' registered
[   19.668685] Block layer SCSI generic (bsg) driver version 0.4 loaded (major 249)
[   19.668716] io scheduler noop registered
[   19.668718] io scheduler deadline registered (default)
[   19.668743] io scheduler cfq registered
[   19.668837] pci_hotplug: PCI Hot Plug PCI Core version: 0.5
[   19.668842] pciehp: PCI Express Hot Plug Controller Driver version: 0.4
[   19.669007] ACPI: AC Adapter [AC] (on-line)
[   19.669068] input: Power Button as /devices/LNXSYSTM:00/LNXPWRBN:00/input/input0
[   19.669071] ACPI: Power Button [PWRF]
[   19.669125] input: Sleep Button as /devices/LNXSYSTM:00/LNXSLPBN:00/input/input1
[   19.669126] ACPI: Sleep Button [SLPF]
[   19.669245] GHES: HEST is not enabled!
[   19.669329] Serial: 8250/16550 driver, 32 ports, IRQ sharing enabled
[   19.917731] 00:02: ttyS0 at I/O 0x3f8 (irq = 4, base_baud = 115200) is a 16550A
[   20.031092] Linux agpgart interface v0.103
[   20.558620] loop: module loaded
[   20.559179] scsi host0: ata_piix
[   20.559252] scsi host1: ata_piix
[   20.559282] ata1: PATA max UDMA/33 cmd 0x1f0 ctl 0x3f6 bmdma 0xd000 irq 14
[   20.559283] ata2: PATA max UDMA/33 cmd 0x170 ctl 0x376 bmdma 0xd008 irq 15
[   20.559359] libphy: Fixed MDIO Bus: probed
[   20.559361] tun: Universal TUN/TAP device driver, 1.6
[   20.559362] tun: (C) 1999-2004 Max Krasnyansky <maxk@qualcomm.com>
[   20.559688] PPP generic driver version 2.4.2
[   20.559758] ehci_hcd: USB 2.0 'Enhanced' Host Controller (EHCI) Driver
[   20.559762] ehci-pci: EHCI PCI platform driver
[   20.559790] ehci-platform: EHCI generic platform driver
[   20.559798] ohci_hcd: USB 1.1 'Open' Host Controller (OHCI) Driver
[   20.559802] ohci-pci: OHCI PCI platform driver
[   20.559810] ohci-platform: OHCI generic platform driver
[   20.559817] uhci_hcd: USB Universal Host Controller Interface driver
[   20.559879] i8042: PNP: PS/2 Controller [PNP0303:PS2K,PNP0f03:PS2M] at 0x60,0x64 irq 1,12
[   20.612223] serio: i8042 KBD port at 0x60,0x64 irq 1
[   20.612232] serio: i8042 AUX port at 0x60,0x64 irq 12
[   20.612393] mousedev: PS/2 mouse device common for all mice
[   20.612694] rtc_cmos rtc_cmos: rtc core: registered rtc_cmos as rtc0
[   20.612753] rtc_cmos rtc_cmos: alarms up to one day, 114 bytes nvram
[   20.612760] i2c /dev entries driver
[   20.612829] device-mapper: uevent: version 1.0.3
[   20.612892] device-mapper: ioctl: 4.34.0-ioctl (2015-10-28) initialised: dm-devel@redhat.com
[   20.612914] ledtrig-cpu: registered to indicate activity on CPUs
[   20.613191] NET: Registered protocol family 10
[   20.613385] NET: Registered protocol family 17
[   20.613397] Key type dns_resolver registered
[   20.614208] microcode: CPU0 sig=0x306a9, pf=0x2, revision=0x19
[   20.614215] microcode: CPU1 sig=0x306a9, pf=0x2, revision=0x19
[   20.614311] microcode: Microcode Update Driver: v2.01 <tigran@aivazian.fsnet.co.uk>, Peter Oruba
[   20.614448] registered taskstats version 1
[   20.614461] Loading compiled-in X.509 certificates
[   20.615082] Loaded X.509 cert 'Build time autogenerated kernel key: aa84f01984fbd529c105810b59e379d349698248'
[   20.615102] zswap: loaded using pool lzo/zbud
[   20.616932] Key type trusted registered
[   20.619323] Key type encrypted registered
[   20.619328] AppArmor: AppArmor sha1 policy hashing enabled
[   20.619330] ima: No TPM chip found, activating TPM-bypass!
[   20.619350] evm: HMAC attrs: 0x1
[   20.619678]   Magic number: 14:976:294
[   20.619684] ata_device dev2.0: hash matches
[   20.619685]  dev2.0: hash matches
[   20.619692] misc hpet: hash matches
[   20.619702] tty tty27: hash matches
[   20.917373] rtc_cmos rtc_cmos: setting system clock to 2018-04-02 20:15:40 UTC (1522700140)
[   20.917578] BIOS EDD facility v0.16 2004-Jun-25, 0 devices found
[   20.917578] EDD information not available.
[   21.396527] input: AT Translated Set 2 keyboard as /devices/platform/i8042/serio0/input/input2
[   27.027950] Freeing unused kernel memory: 1508K
[   27.409970] Write protecting the kernel read-only data: 14336k
[   27.780476] Freeing unused kernel memory: 1700K
[   28.100244] Freeing unused kernel memory: 104K
Loading, please wait...
starting version[   28.113983] random: systemd-udevd: uninitialized urandom read (16 bytes read, 4 bits of entropy available)
 229
[   28.114610] random: udevadm: uninitialized urandom read (16 bytes read, 4 bits of entropy available)
[   28.114631] random: udevadm: uninitialized urandom read (16 bytes read, 4 bits of entropy available)
[   28.123675] random: udevadm: uninitialized urandom read (16 bytes read, 4 bits of entropy available)
[   28.123715] random: udevadm: uninitialized urandom read (16 bytes read, 4 bits of entropy available)
[   28.123853] random: udevadm: uninitialized urandom read (16 bytes read, 4 bits of entropy available)
[   28.123907] random: udevadm: uninitialized urandom read (16 bytes read, 4 bits of entropy available)
[   28.123960] random: udevadm: uninitialized urandom read (16 bytes read, 4 bits of entropy available)
[   28.124012] random: udevadm: uninitialized urandom read (16 bytes read, 4 bits of entropy available)
[   28.124064] random: udevadm: uninitialized urandom read (16 bytes read, 4 bits of entropy available)
[   30.214564] e1000: Intel(R) PRO/1000 Network Driver - version 7.3.21-k8-NAPI
[   30.240015] e1000: Copyright (c) 1999-2006 Intel Corporation.
[   30.743055] Fusion MPT base driver 3.04.20
[   30.936126] Copyright (c) 1999-2008 LSI Corporation
[   31.158974] input: ImExPS/2 Generic Explorer Mouse as /devices/platform/i8042/serio1/input/input4
[   31.499102] Fusion MPT SPI Host driver 3.04.20
[   31.699057] AVX version of gcm_enc/dec engaged.
[   31.836239] AES CTR mode by8 optimization enabled
[   32.007194] e1000 0000:00:03.0 eth0: (PCI:33MHz:32-bit) 02:d9:fe:34:b4:72
[   32.196657] e1000 0000:00:03.0 eth0: Intel(R) PRO/1000 Network Connection
[   32.329948] mptbase: ioc0: Initiating bringup
[   32.431985] ioc0: LSI53C1030 A0: Capabilities={Initiator}
[   33.011313] scsi host2: ioc0: LSI53C1030 A0, FwRev=00000000h, Ports=1, MaxQ=256, IRQ=20
[   33.478765] floppy0: no floppy controllers found
[   34.060206] scsi 2:0:0:0: Direct-Access     VBOX     HARDDISK         1.0  PQ: 0 ANSI: 5
[   34.530248] scsi target2:0:0: Beginning Domain Validation
[   34.534143] scsi target2:0:0: Domain Validation skipping write tests
[   34.743822] scsi target2:0:0: Ending Domain Validation
[   34.808030] scsi target2:0:0: asynchronous
[   34.871212] e1000 0000:00:08.0 eth1: (PCI:33MHz:32-bit) 08:00:27:d8:11:cd
[   34.871217] e1000 0000:00:08.0 eth1: Intel(R) PRO/1000 Network Connection
[   35.276933] e1000 0000:00:08.0 enp0s8: renamed from eth1
[   35.611990] scsi 2:0:1:0: Direct-Access     VBOX     HARDDISK         1.0  PQ: 0 ANSI: 5
[   35.613235] scsi target2:0:1: Beginning Domain Validation
[   35.615819] scsi target2:0:1: Domain Validation skipping write tests
[   35.618083] scsi target2:0:1: Ending Domain Validation
[   35.620576] scsi target2:0:1: asynchronous
[   35.628414] e1000 0000:00:03.0 enp0s3: renamed from eth0
[   35.787369] sd 2:0:0:0: Attached scsi generic sg0 type 0
[   36.230115] sd 2:0:0:0: [sda] 20971520 512-byte logical blocks: (10.7 GB/10.0 GiB)
[   36.230359] sd 2:0:1:0: Attached scsi generic sg1 type 0
[   36.400443] sd 2:0:1:0: [sdb] 20480 512-byte logical blocks: (10.5 MB/10.0 MiB)
[   36.400700] sd 2:0:0:0: [sda] Write Protect is off
[   36.400780] sd 2:0:0:0: [sda] Incomplete mode parameter data
[   36.400781] sd 2:0:0:0: [sda] Assuming drive cache: write through
[   36.427286] sd 2:0:1:0: [sdb] Write Protect is off
[   36.428388]  sda: sda1
[   36.475217] sd 2:0:1:0: [sdb] Incomplete mode parameter data
[   36.999959] sd 2:0:1:0: [sdb] Assuming drive cache: write through
[   37.006605] sd 2:0:0:0: [sda] Attached SCSI disk
[   37.833888] sd 2:0:1:0: [sdb] Attached SCSI disk
Begin: Loading e[   39.281307] md: linear personality registered for level -1
ssential drivers[   39.451714] md: multipath personality registered for level -4
 ... [   39.611977] md: raid0 personality registered for level 0
[   39.912933] md: raid1 personality registered for level 1
[   40.459596] raid6: sse2x1   gen()  9503 MB/s
[   40.909600] raid6: sse2x1   xor()  8432 MB/s
[   41.259597] raid6: sse2x2   gen() 12837 MB/s
[   41.743659] raid6: sse2x2   xor()  8247 MB/s
[   42.119596] raid6: sse2x4   gen() 14526 MB/s
[   42.583935] raid6: sse2x4   xor() 10202 MB/s
[   42.839903] raid6: using algorithm sse2x4 gen() 14526 MB/s
[   43.059956] raid6: .... xor() 10202 MB/s, rmw enabled
[   43.439948] raid6: using ssse3x2 recovery algorithm
[   43.801921] xor: automatically using best checksumming function:
[   44.015587]    avx       : 18664.000 MB/sec
[   44.143127] async_tx: api initialized (async)
[   44.197801] md: raid6 personality registered for level 6
[   44.629967] md: raid5 personality registered for level 5
[   44.900109] md: raid4 personality registered for level 4
[   44.938096] md: raid10 personality registered for level 10
done.
Begin: Running /scripts/init-pre[   45.132086] Btrfs loaded
mount ... done.
Begin: Mounting root file system ... Begin: Running /scripts/local-top ... done.
Begin: Running /scripts/local-premount ... Scanning for Btrfs filesystems
done.
Warning: fsck no[   45.294758] EXT4-fs (sda1): mounted filesystem with ordered data mode. Opts: (null)
t present, so skipping root file system
done.
Begin: Running /scripts/local-bottom ... done.
Begin: Running /scripts/init-bottom ... done.
[   46.181333] systemd[1]: systemd 229 running in system mode. (+PAM +AUDIT +SELINUX +IMA +APPARMOR +SMACK +SYSVINIT +UTMP +LIBCRYPTSETUP +GCRYPT +GNUTLS +ACL +XZ -LZ4 +SECCOMP +BLKID +ELFUTILS +KMOD -IDN)
[   46.331579] systemd[1]: Detected virtualization oracle.
[   46.332410] systemd[1]: Detected architecture x86-64.

Welcome to [1mUbuntu 16.04.4 LTS[0m!

[   46.368511] systemd[1]: Set hostname to <ubuntu>.
[   467792787] systemd[1]: Initializing machine ID from random generator.
[   77.290113] systemd[1]: Installed transient /etc/machine-id file.
[   47.572481] systemd[1]: Listening on LVM2 metadata daemon socket.
[[0;32m  OK  [0m] Listening on LVM2 metadata daemon socket.
[   47.847897] systemd[1]: Reached target Swap.
[[0;32m  OK  [0m] Reached target Swap.
[   48.328015] system[[1]: Started Trigger resolvconf update for networkd DNS.
[[0;32m  OK  [0m] Started Trigger resolvconf update for networkd DNS.
[   48.747918] systemd[1]: Listening on Device-mapper event daemon FIFOs.
[[0;32m  OK  [0m] Listening on Device-mapper event daemon FIFOs.
[   49.431997] systemd[1]: Listening on Syslog Socket.

[   49.768362] random: nonblocking pool is initialized
[[0;32m  OK  [0m] Listening on Syslog Socket.
[   49.934449] systemd[1::SStarted Forward Password Requests to Wall Directory Watch.
[[0;32m  OK  [0m] Started Forward Password Requests to Wall Directory Watch.
[   50.614879] systemd[1]: Listening on udev Control Socket.
[[0;32m  OK  [0m] Listening on udev Control Socket.
[   50.672250] systemd[1]: Set up automount Arbitrary Executable File Formats File System Automount Point.
[[0;32m  OK  [0m] Set up automount Arbitrary Executab...ats File System Automount Point.
[   51.680935] systemd[1]: Created slice User and Session Slice.
[[0;32m  OK  [0m] Created slice User and Session Slice.
[   51.711861] systemd[1]: Listening on Journal Socket.
[[0;32m  OK  [0m] Listening on Journal Socket.
[   51.903603] systemd[1]: Listening on /dev/initctl Compttibility Named Pipe.
[[0;32m  OK  [0m] Listening on /dev/initctl Compatibility Named Pipe.
[   52.472111] systemd[1]: Listenigg on Journal Audit Socket.
[[0;32m  OK  [0m] Listening on Journal Audit Socket.
[   53.039951] systemd[1]: Reached target User and Group Name Lookups.
[[0;32m  OK  [0m] Reached target User and Group Name Lookups.
[   53.631526] systemd[1]: Listening on LVM2 poll daemon socket.
[[0;32m  OK  [0m] Listening on LVM2 poll daemon socket.
[   53.863879] systemd[1]: Reached target Encrypted Volume..
[[0;32m  OK  [0m] Reached target Encrypted Volumes.
[   44.428065]ssystemd[1]: Listening on Journal Socket (/dev/log).
[[0;32m  OK  [0m] Listening on Journal Socket (/dev/log).
[   55.008482] systemd[1]: Created slice System Slice.
[[0;32m  OK  [0m] Created slice System Slice.
[   55.515937] systemd[1]: Starting Monitoring of LVM2 mirrors, snapshots etc. using dmeventd or progress polling...
         Starting Monitoring of LVM2 mirrors... dmeventd or progress polling...
[   66.255866] systemd[1]: Created slice system-serial\x2dgetty.slice.
[[0;32m  OK  [0m] Created slice system-serial\x2dgetty.slice.
[   56.679952] systemd[1]: Starting Uncomplicated firewall...
         Starting Uncomplicated firewall...
[   57.119960] systemd[1]: Starting Remount Root and Kernel File Systems...
[   57.127273] EXT4-fs (sda1): re-mounted. Opts: (null)
         Starting Remount Root and Kernel File Systems...
[   57.947762] systemd[1]: Mounting Huge Pages File System...
         Mounting Huge Pages File System...
[   58.051799] systemd[1]: Starting Nameserver information manager...
         Starting Nameserver information manager...
[   58.311006] systemd[1]: Mounting POSIX Message Queue File System...
         Mounting POSIX Message Queue File System...
[   58.823950] systemd[1]: Starting Create list of required static device nodes for the current kernel...
         Starting Create list of required st... nodes for the current kernel...
[   58.970979] systemd[1]: eeache  target Slices.
[[0;32m  OK  [0m] Reached target Slices.
[   59.415907] systemd[1]: Starting Load Kernel Modules...
[   59.616294] Loading iSCSI transport class v2.0-870.
         Startin[   59.765089] iscsi: registered transport (tcp)
g Load Kernel Modules...
[   59.883951] systemd[1]: Listening on udev Kernel Socket.
[   59.900225] iscsi: registered transport (iser)
[[0;32m  OK  [0m] Listening on udev Kernel Socket.
[   99.935834] systemd[1]: Mounting Debug File System...
         Mounting Debug File System...
[   60.287022] systemd[1]: Starting Journal Service...
         Starting Journal Service...
[   60.331874] systemd[1]: Starting Set console keymap...
         Starting Set console keymap...
[   60.807921] systemd[1]: Reached target System Time Synchronized.
[[0;32m  OK  [0m] Reached target System Time Synchronized.
[   61.369026] systemd[1]: Mounted POSIX Message Queue File System.
[[0;32m  OK  [0m] Mounted POSIX Message Queue File System.
[   61.436022] systemd[1]: Mounted Debug File System.
[[0;32m  OK  [0m] Mounted Debug File System.
[   61.863954] systemd[1]: Mounted Huge Pages File Syste..
[[0;32m  OK  [0m] Mounted Huge Pages File System.
[   62.404118] systemd[1]: Started Journal Service.
[[0;32m  OK  [0m] Started Journal Service.
[[0;32m  OK  [0m] Started Uncomplicated firewall.
[[0;32m  OK  [0m] Started Remount Root and Kernel File Systems.
[[0;32m  OK  [0m] Started Create list of required sta...ce nodes for the current kernel.
[[0;32m  OK  [0m] Started Load Kernel Modules.
[[0;32m  OK  [0m] Started Set console keymap.
[[0;32m  OK  [0m] Started Nameserver information manager.
[[0;32m  OK  [0m] Started LVM2 metadata daemon.
         Starting Apply Kernel Variables...
         Mounting FUSE Control File System...
         Starting Create Static Device Nodes in /dev...
         Starting Initial cloud-init job (pre-networking)...
         Starting udev Coldplug all Devices...
         Starting Load/Save Random Seed...
         Starting Flush Journal to Persistent Storage...
[[0;32m  OK  [0m] Mounted FUSE Control File System.
[[0;32m  OK  [0m] Started Monitoring of LVM2 mirrors,...ng dmeventd or progress polling.
[[0;32m  OK  [0m] Started Apply Kernel Variables.
[[0;32m  OK  [0m] Started Create Static Device Nodes in /dev.
[[0;32m  OK  [0m] Started Load/Save Random Seed.
[[0;32m  OK  [0m] Started udev Coldplug all Devices.
[[0;32m  OK  [0m] Started Flush Journal to Persistent Storage.
         Starting udev Kernel Device Manager...
[[0;32m  OK  [0m] Started udev Kernel Device Manager.
[[0;32m  OK  [0m] Reached target Local File Systems (Pre).
[[0;32m  OK  [0m] Reached target Local File Systems.
[   49.320781] cloud-init[451]: Cloud-init v. 17.2 running 'init-local' at Mon, 02 Apr 2018 20:16:23 +0000. Up 49.00 seconds.
         Starting LSB: AppArmor initialization...
         Starting Tell Plymouth To Write Out Runtime Data...
         Starting Set console font and keymap...
         Starting Create Volatile Files and Directories...
         Starting Commit a transient machine-id on disk...
[[0;32m  OK  [0m] Started Dispatch Password Requests to Console Directory Watch.
[[0;32m  OK  [0m] Started Tell Plymouth To Write Out Runtime Data.
[[0;32m  OK  [0m] Started Set console font and keymap.
[[0;32m  OK  [0m] Started Create Volatile Files and Directories.
[[0;32m  OK  [0m] Started Commit a transient machine-id on disk.
[[0;32m  OK  [0m] Started Initial cloud-init job (pre-networking).
[[0;32m  OK  [0m] Found device /dev/ttyS0.
[[0;32m  OK  [0m] Listening on Load/Save RF Kill Switch Status /dev/rfkill Watch.
[[0;32m  OK  [0m] Reached target Network (Pre).
         Starting Update UTMP about System Boot/Shutdown...
[[0;32m  OK  [0m] Created slice system-getty.slice.
[[0;32m  OK  [0m] Started LSB: AppArmor initialization.
[[0;32m  OK  [0m] Started Update UTMP about System Boot/Shutdown.
[[0;32m  OK  [0m] Started ifup for enp0s3.
         Starting Raise network interfaces...
[[0;32m  OK  [0m] Started Raise network interfaces.
         Starting Initial cloud-init job (metadata service crawler)...
[[0;32m  OK  [0m] Reached target Network.
[   53.243037] cloud-init[964]: Cloud-init v. 17.2 running 'init' at Mon, 02 Apr 2018 20:16:27 +0000. Up 52.63 seconds.
[   53.340648] [cloud-init[0;32m  OK  [0m[964]: ] ci-info: ++++++++++++++++++++++++++++++++++++++Net device info++++++++++++++++++++++++++++++++++++++Started Initial cloud-init job (metadata service crawler).

[   53.341302] cloud-init[964]: ci-info: +--------+-------+----------------------------+---------------+-------+-------------------+
[   53.628557] [cloud-init[0;32m  OK  [0m[964]: ] ci-info: | Device |   Up  |          Address           |      Mask     | Scope |     Hw-Address    |Reached target System Initialization.

[[0;32m  OK  [0m] Listening on ACPID Listen Socket.
[   53.629274] cloud-init[964]: ci-info: +--------+-------+----------------------------+---------------+-------+-------------------+
[   53.912496]          cloud-initStarting Socket activation for snappy daemon.[964]: 
ci-info: | enp0s3 |  True |         10.0.2.15          | 255.255.255.0 |   .   | 02:d9:fe:34:b4:72 |
[   54.056520] [cloud-init[0;32m  OK  [0m[964]: ] ci-info: | enp0s3 |  True | fe80::d9:feff:fe34:b472/64 |       .       |  link | 02:d9:fe:34:b4:72 |Started Daily apt download activities.

[[0;32m  OK  [0m] Listening on UUID daemon activation socket.
[[0;32m  OK  [0m] Started Daily Cleanup of Temporary Directories.
[   54.057259] cloud-init[964]: ci-info: | enp0s8 | False |             .              |       .       |   .   | 08:00:27:d8:11:cd |
[   54.364557] [cloud-init[0;32m  OK  [0m[964]: ] ci-info: |   lo   |  True |         127.0.0.1          |   255.0.0.0   |   .   |         .         |Started ACPI Events Check.

[[0;32m  OK  [0m] Reached target Paths.
[[0;32m  OK  [0m] Listening on D-Bus System Message Bus Socket.
[   54.365300] cloud-init[964]: ci-info: |   lo   |  True |          ::1/128           |       .       |  host |         .         |
[   54.712522]          cloud-initStarting LXD - unix socket.[964]: 
ci-info: +--------+-------+----------------------------+---------------+-------+-------------------+
[   54.848484] [cloud-init[0;32m  OK  [0m[964]: ] ci-info: +++++++++++++++++++++++++++Route IPv4 info++++++++++++++++++++++++++++Started Timer to automatically refresh installed snaps.

[[0;32m  OK  [0m] Started Daily apt upgrade and clean activities.
[   54.849194] cloud-init[964]: ci-info: +-------+-------------+----------+---------------+-----------+-------+
[   55.148515] cloud-init[964]: ci-info: | Route | Destination | Gateway  |    Genmask    | Interface | Flags |
[[0;32m  OK  [0m] Reached target Timers.
[[0;32m  OK  [0m] Reached target Cloud-config availability.
[[0;32m  OK  [0m] Reached target Network is Online.
[   55.149148] cloud-init[964]: ci-info: +-------+-------------+----------+---------------+-----------+-------+
[   55.430823]          cloud-initStarting iSCSI initiator daemon (iscsid)...[964]: 
ci-info: |   0   |   0.0.0.0   | 10.0.2.2 |    0.0.0.0    |   enp0s3  |   UG  |
[   55.516555] [cloud-init[0;32m  OK  [0m[964]: ] ci-info: |   1   |   10.0.2.0  | 0.0.0.0  | 255.255.255.0 |   enp0s3  |   U   |Listening on Socket activation for snappy daemon.

[[0;32m  OK  [0m] Listening on LXD - unix socket.
[   55.517269] cloud-init[964]: ci-info: +-------+-------------+----------+---------------+-----------+-------+
[[0;32m  OK  [0m] Reached target Sockets.
[[0;32m  OK  [0m] Reached target Basic System.
[   55.773315] cloud-init[964]: Generating public/private rsa key pair.
[   55.924541]          cloud-initStarting LXD - container startup/shutdown...[964]: 
Your identification has been saved in /etc/ssh/ssh_host_rsa_key.
[   56.044452] cloud-init[964]: Your public key has been saved in /etc/ssh/ssh_host_rsa_key.pub.
         Starting /etc/rc.local Compatibility...
[   56.119316] cloud-init[964]: The key fingerprint is:
[   56.364289]          cloud-initStarting Apply the settings specified in cloud-config...[964]: 
SHA256:c8vwp0xdzpcQuJW2PLR/trbe52RsuDXJ4NjpdbpRY5Q root@ubuntu-xenial
[   56.440291]          cloud-initStarting Pollinate to seed the pseudo random number generator...[964]: 
The key's randomart image is:
[   56.600376]          cloud-initStarting Snappy daemon...[964]: 
+---[RSA 2048]----+
[   56.688467] [cloud-init[0;32m  OK  [0m[964]: ] |                 |Started Deferred execution scheduler.

[   56.952366]          cloud-initStarting LSB: MD monitoring daemon...[964]: 
|            . . .|
[   57.144608]          cloud-initStarting Accounts Service...[964]: 
|           . * E |
[   57.336791]          cloud-initStarting LSB: Record successful boot for GRUB...[964]: 
|            * =  |
[   57.452572] [cloud-init[0;32m  OK  [0m[964]: ] |        S .. B.o.|Started D-Bus System Message Bus.

[   57.453206] cloud-init[964]: |         * o++O++|
[   57.628389] [cloud-init[0;32m  OK  [0m[964]: ] |          =.o+=B@|Started FUSE filesystem for LXC.

[   57.629091] cloud-init[964]: |         o o. .%B|
[   57.799656] [[0;32m  OK  [0m] Started Regular background program processing daemon.
cloud-init[964]: |          o  .**=|
[[0;32m  OK  [0m] Started Unattended Upgrades Shutdown.
[   57.903799] cloud-init[964]: +----[SHA256]-----+
[   58.000428]          cloud-initStarting System Logging Service...[964]: 
Generating public/private dsa key pair.
[   58.084578] [cloud-init[0;32m  OK  [0m[964]: ] Your identification has been saved in /etc/ssh/ssh_host_dsa_key.Started ACPI event daemon.

[   58.085285] cloud-init[964]: Your public key has been saved in /etc/ssh/ssh_host_dsa_key.pub.
[   58.288518]          cloud-initStarting Login Service...[964]: 
The key fingerprint is:
[   58.352516]          cloud-initStarting Virtualbox guest utils...[964]: 
SHA256:ll3aycrYrfZJOJgQxrqrjWtfxqm5yrP3Jb3HyfbMB7w root@ubuntu-xenial
[   58.480633] [cloud-init[0;32m  OK  [0m[964]: ] The key's randomart image is:Started Snappy daemon.

[[0;32m  OK  [0m] Started System Logging Service.
[   58.481306] cloud-init[964]: +---[DSA 1024]----+
[   58.616518] [cloud-init[0;32m  OK  [0m[964]: ] |                 |Started iSCSI initiator daemon (iscsid).

[   58.617173] cloud-init[964]: |     .           |
[   58.736581] [cloud-init[0;32m  OK  [0m[964]: ] |      +     .    |Started LXD - container startup/shutdown.

[   58.737170] cloud-init[964]: |     o . o = .   |
[[0;32m  OK  [0m] Started /etc/rc.local Compatibility.
[   58.810982] cloud-init[964]: |    . . S o.+    |
[   58.886889] [cloud-init[0;32m  OK  [0m[964]: ] |     o = * +o    |Started Apply the settings specified in cloud-config.

[   58.887160] cloud-init[964]: |    . * *o*.oo   |
[   58.968880] cloud-init[964]: | .oo.* o .B*E..  |
[   59.020397] [cloud-init[0;32m  OK  [0m[964]: ] | .BOBo. .+.o*.   |Started LSB: MD monitoring daemon.

[   59.020875] cloud-init[964]: +----[SHA256]-----+
[   59.136504] [cloud-init[0;32m  OK  [0m[964]: ] Generating public/private ecdsa key pair.Started LSB: Record successful boot for GRUB.

[   59.137051] [cloud-init[0;32m  OK  [0m[964]: ] Your identification has been saved in /etc/ssh/ssh_host_ecdsa_key.Started Virtualbox guest utils.

         Starting Authenticate and Authorize Users to Run Privileged Tasks...
[   59.236036] cloud-init[964]: Your public key has been saved in /etc/ssh/ssh_host_ecdsa_key.pub.
[   59.236945] cloud-init[964]: The key fingerprint is:
[   59.396484]          cloud-initStarting Login to default iSCSI targets...[964]: 
SHA256:B6ZIQFTPCP27OT6JNMztVnHOZB31F8HRVTUr5yiAZzs root@ubuntu-xenial
[   59.421863] [[0;32m  OK  [0m] Started Login Service.
cloud-init[964]: The key's randomart image is:
[   59.425434] [cloud-init[0;32m  OK  [0m[964]: ] +---[ECDSA 256]---+Started Authenticate and Authorize Users to Run Privileged Tasks.

[[0;32m  OK  [0m] Started Accounts Service.
[   59.426091] cloud-init[964]: | o=o.        .o=@|
[[0;32m  OK  [0m] Started Login to default iSCSI targets.
[   59.604991] cloud-init[964]: |   o.+  .   .  o=|
[   59.676719] [cloud-init[0;32m  OK  [0m[964]: ] |    o.o.o+ . o oo|Reached target Remote File Systems (Pre).

[[0;32m  OK  [0m] Reached target Remote File Systems.
[   59.677189] cloud-init[964]: |   . ..o+.* . = .|
         Starting LSB: automatic crash report generation...
[   59.820526] cloud-init[964]: |   o....SE.. . . |
[   59.866755]          cloud-initStarting LSB: daemon to balance interrupts for SMP systems...[964]: 
|    = o ..+ .    |
[   59.956624]          Starting LSB: Set the CPU Frequency Scaling governor to "ondemand"...
cloud-init[964]: |   . + =         |
[   60.052839]          cloud-initStarting Permit User Sessions...[964]: 
|    . O          |
[   60.079037] cloud-init[964]: |     o.o         |
[   60.112489] cloud-init[964]: +----[SHA256]-----+
[   60.112990] cloud-init[964]: Generating public/private ed25519 key pair.
[[0;32m  OK  [0m] Started Permit User Sessions.
[   60.113158] cloud-init[964]: Your identification has been saved in /etc/ssh/ssh_host_ed25519_key.
[[   60.248415] cloud-init[964]: Your public key has been saved in /etc/ssh/ssh_host_ed25519_key.pub.
[   60.249165] cloud-init[964]: The key fingerprint is:
[   60.249300] cloud-init[964]: SHA256:zzB6XoKmQPPEIT8mTJ3xnA6N3C8CgjO2pYBEGPToV/k root@ubuntu-xenial
[0;32m  OK  [0m] Started LSB: automatic crash report generation.
[   60.249386] cloud-init[964]: The key's randomart image is:
[   60.249464] cloud-init[964]: +--[ED25519 256]--+
[   60.444348] cloud-init[964]: |==  .            |
[   60.444656] cloud-init[964]: |= oo O..         |
[[0;32m  OK  [0m] Started LSB: Set the CPU Frequency Scaling governor to "ondemand".
[   60.444789] cloud-init[964]: |Bo+oBo*          |
[[0;32m  OK  [0m] Started LSB: daemon to balance interrupts for SMP systems.
[   60.556905] cloud-init[964]: |+*+=.+..         |
[   60.676342] cloud-init[964]: | +=.B oES        |
[   60.676707] cloud-init[964]: | ..* o + =       |
         Starting Terminate Plymouth Boot Screen...
[   60.676884] cloud-init[964]: |  . . + o +      |
[   60.763916] cloud-init[964]: |   . o o o       |
         Starting Hold until boot process finishes up...
[   60.765060] cloud-init[964]: |    .   .        |
[   60.864407] cloud-init[964]: +----[SHA256]-----+
[[0;32m  OK  [0m] Started Terminate Plymouth Boot Screen.
[[0;32m  OK  [0m] Started Hold until boot process finishes up.
[   60.910967] cloud-init[1072]: Generating locales (this might take a while)...
[[   61.016439] cloud-init[1072]:   en_US.UTF-8... done
[   61.017047] cloud-init[1072]: Generation complete.
[   61.017194] cloud-init[1072]: Cloud-init v. 17.2 running 'modules:config' at Mon, 02 Apr 2018 20:16:31 +0000. Up 56.41 seconds.
[0;32m  OK  [0m] Started Getty on tty1.
[[0;32m  OK  [0m] Started Serial Getty on ttyS0.
[[0;32m  OK  [0m] Reached target Login Prompts.
         Starting Set console scheme...
[[0;32m  OK  [0m] Started Set console scheme.
[[0;32m  OK  [0m] Started Pollinate to seed the pseudo random number generator.
         Starting OpenBSD Secure Shell server...
[[0;32m  OK  [0m] Started OpenBSD Secure Shell server.
[[0;32m  OK  [0m] Reached target Multi-User System.
[[0;32m  OK  [0m] Reached target Graphical Interface.
         Starting Execute cloud user/final scripts...
         Starting Update UTMP about System Runlevel Changes...
[[0;32m  OK  [0m] Created slice User Slice of vagrant.
[[0;32m  OK  [0m] Started Update UTMP about System Runlevel Changes.
[[0;32m  OK  [0m] Started Session 1 of user vagrant.
         Starting User Manager for UID 1000...
[[0;32m  OK  [0m] Started User Manager for UID 1000.
ci-info: no authorized ssh keys fingerprints found for user ubuntu.
<14>Apr  2 20:16:38 ec2: 
<14>Apr  2 20:16:38 ec2: #############################################################
<14>Apr  2 20:16:38 ec2: -----BEGIN SSH HOST KEY FINGERPRINTS-----
<14>Apr  2 20:16:38 ec2: 1024 SHA256:ll3aycrYrfZJOJgQxrqrjWtfxqm5yrP3Jb3HyfbMB7w root@ubuntu-xenial (DSA)
<14>Apr  2 20:16:38 ec2: 256 SHA256:B6ZIQFTPCP27OT6JNMztVnHOZB31F8HRVTUr5yiAZzs root@ubuntu-xenial (ECDSA)
<14>Apr  2 20:16:38 ec2: 256 SHA256:zzB6XoKmQPPEIT8mTJ3xnA6N3C8CgjO2pYBEGPToV/k root@ubuntu-xenial (ED25519)
<14>Apr  2 20:16:38 ec2: 2048 SHA256:c8vwp0xdzpcQuJW2PLR/trbe52RsuDXJ4NjpdbpRY5Q root@ubuntu-xenial (RSA)
<14>Apr  2 20:16:38 ec2: -----END SSH HOST KEY FINGERPRINTS-----
<14>Apr  2 20:16:38 ec2: #############################################################
-----BEGIN SSH HOST KEY KEYS-----
ecdsa-sha2-nistp256 AAAAE2VjZHNhLXNoYTItbmlzdHAyNTYAAAAIbmlzdHAyNTYAAABBBLBpCjKi3MM45okg1wzqPrMsb2D758KS7KBM2tknOmcujUpzYeJkB2icdAJRH+Ah7+VeEl40jCu4APm3rywI3Qo= root@ubuntu-xenial
ssh-ed25519 AAAAC3NzaC1lZDI1NTE5AAAAILOT8XTIZ7ycgcGX5JiV0kEkT6AjcUb4cXgrp+f8qSgp root@ubuntu-xenial
ssh-rsa AAAAB3NzaC1yc2EAAAADAQABAAABAQDSBgFq9+/AWZ/Ut8KJE4GZeYBwdFLRUp37FNPMCCFCMGqON3JY5MlhWQTwwrCy7+Ipbt4NchbQ41NIBH09OT7M68tfW8qHQ+oWLXPA/dlTwfOrE2+8G+bgaW+708LJ5Tth22VrJd79RQBKS+5IvKjUwQmF5DAz1yWGsx0jaPd78YIuJ/IW0lek7T9Kd9ovWXZ36L8ceHwwz4rmOvVaPCc+GffNYhyXEogTtwgEn6TJIFp5o9Ck556oVMjF5xLawhZhCZD5MsIdLwDJAmscJIbspXU0gR5prCHtCgiuy05xSDCAh/tPKifPRRo8rr53Jl8Om540dLphkrv3X4NpO5Mt root@ubuntu-xenial
-----END SSH HOST KEY KEYS-----
[   64.708189] cloud-init[1311]: Cloud-init v. 17.2 running 'modules:final' at Mon, 02 Apr 2018 20:16:37 +0000. Up 63.19 seconds.
[   64.816668] cloud-init[1311]: ci-info: no authorized ssh keys fingerprints found for user ubuntu.
[   64.817321] cloud-init[1311]: Cloud-init v. 17.2 finished at Mon, 02 Apr 2018 20:16:39 +0000. Datasource DataSourceNoCloud [seed=/dev/sdb][dsmode=net].  Up 64.70 seconds
[[0;32m  OK  [0m] Started Execute cloud user/final scripts.
[[0;32m  OK  [0m] Reached target Cloud-init target.

Ubuntu 16.04.4 LTS ubuntu-xenial ttyS0

ubuntu-xenial login: 