[    0.000000] Initializing cgroup subsys cpuset
[    0.000000] Initializing cgroup subsys cpu
[    0.000000] Initializing cgroup subsys cpuacct
[    0.000000] Linux version 4.4.0-116-generic (buildd@lgw01-amd64-021) (gcc version 5.4.0 20160609 (Ubuntu 5.4.0-6ubuntu1~16.04.9) ) #140-Ubuntu SMP Mon Feb 12 21:23:04 UTC 2018 (Ubuntu 4.4.0-116.140-generic 4.4.98)
[    0.000000] Command line: BOOT_IMAGE=/boot/vmlinuz-4.4.0-116-generic root=LABEL=cloudimg-rootfs ro console=tty1 console=ttyS0
[    0.000000] KERNEL supported cpus:
[    0.000000]   Intel GenuineIntel
[    0.000000]   AMD AuthenticAMD
[    0.000000]   Centaur CentaurHauls
[    0.000000] x86/fpu: xstate_offset[2]:  576, xstate_sizes[2]:  256
[    0.000000] x86/fpu: Supporting XSAVE feature 0x01: 'x87 floating point registers'
[    0.000000] x86/fpu: Supporting XSAVE feature 0x02: 'SSE registers'
[    0.000000] x86/fpu: Supporting XSAVE feature 0x04: 'AVX registers'
[    0.000000] x86/fpu: Enabled xstate features 0x7, context size is 832 bytes, using 'standard' format.
[    0.000000] x86/fpu: Using 'lazy' FPU context switches.
[    0.000000] e820: BIOS-provided physical RAM map:
[    0.000000] BIOS-e820: [mem 0x0000000000000000-0x000000000009fbff] usable
[    0.000000] BIOS-e820: [mem 0x000000000009fc00-0x000000000009ffff] reserved
[    0.000000] BIOS-e820: [mem 0x00000000000f0000-0x00000000000fffff] reserved
[    0.000000] BIOS-e820: [mem 0x0000000000100000-0x000000007ffeffff] usable
[    0.000000] BIOS-e820: [mem 0x000000007fff0000-0x000000007fffffff] ACPI data
[    0.000000] BIOS-e820: [mem 0x00000000fec00000-0x00000000fec00fff] reserved
[    0.000000] BIOS-e820: [mem 0x00000000fee00000-0x00000000fee00fff] reserved
[    0.000000] BIOS-e820: [mem 0x00000000fffc0000-0x00000000ffffffff] reserved
[    0.000000] NX (Execute Disable) protection: active
[    0.000000] SMBIOS 2.5 present.
[    0.000000] Hypervisor detected: KVM
[    0.000000] e820: last_pfn = 0x7fff0 max_arch_pfn = 0x400000000
[    0.000000] MTRR: Disabled
[    0.000000] x86/PAT: MTRRs disabled, skipping PAT initialization too.
[    0.000000] CPU MTRRs all blank - virtualized system.
[    0.000000] x86/PAT: Configuration [0-7]: WB  WT  UC- UC  WB  WT  UC- UC  
[    0.000000] found SMP MP-table at [mem 0x0009fff0-0x0009ffff] mapped at [ffff88000009fff0]
[    0.000000] Scanning 1 areas for low memory corruption
[    0.000000] RAMDISK: [mem 0x36ab2000-0x37550fff]
[    0.000000] ACPI: Early table checksum verification disabled
[    0.000000] ACPI: RSDP 0x00000000000E0000 000024 (v02 VBOX  )
[    0.000000] ACPI: XSDT 0x000000007FFF0030 00003C (v01 VBOX   VBOXXSDT 00000001 ASL  00000061)
[    0.000000] ACPI: FACP 0x000000007FFF00F0 0000F4 (v04 VBOX   VBOXFACP 00000001 ASL  00000061)
[    0.000000] ACPI: DSDT 0x000000007FFF0470 0021FF (v02 VBOX   VBOXBIOS 00000002 INTL 20160831)
[    0.000000] ACPI: FACS 0x000000007FFF0200 000040
[    0.000000] ACPI: FACS 0x000000007FFF0200 000040
[    0.000000] ACPI: APIC 0x000000007FFF0240 00005C (v02 VBOX   VBOXAPIC 00000001 ASL  00000061)
[    0.000000] ACPI: SSDT 0x000000007FFF02A0 0001CC (v01 VBOX   VBOXCPUT 00000002 INTL 20160831)
[    0.000000] No NUMA configuration found
[    0.000000] Faking a node at [mem 0x0000000000000000-0x000000007ffeffff]
[    0.000000] NODE_DATA(0) allocated [mem 0x7ffeb000-0x7ffeffff]
[    0.000000] kvm-clock: Using msrs 4b564d01 and 4b564d00
[    0.000000] kvm-clock: cpu 0, msr 0:7ffe3001, primary cpu clock
[    0.000000] kvm-clock: using sched offset of 3091122218 cycles
[    0.000000] clocksource: kvm-clock: mask: 0xffffffffffffffff max_cycles: 0x1cd42e4dffb, max_idle_ns: 881590591483 ns
[    0.000000] Zone ranges:
[    0.000000]   DMA      [mem 0x0000000000001000-0x0000000000ffffff]
[    0.000000]   DMA32    [mem 0x0000000001000000-0x000000007ffeffff]
[    0.000000]   Normal   empty
[    0.000000]   Device   empty
[    0.000000] Movable zone start for each node
[    0.000000] Early memory node ranges
[    0.000000]   node   0: [mem 0x0000000000001000-0x000000000009efff]
[    0.000000]   node   0: [mem 0x0000000000100000-0x000000007ffeffff]
[    0.000000] Initmem setup node 0 [mem 0x0000000000001000-0x000000007ffeffff]
[    0.000000] ACPI: PM-Timer IO Port: 0x4008
[    0.000000] IOAPIC[0]: apic_id 2, version 32, address 0xfec00000, GSI 0-23
[    0.000000] ACPI: INT_SRC_OVR (bus 0 bus_irq 0 global_irq 2 dfl dfl)
[    0.000000] ACPI: INT_SRC_OVR (bus 0 bus_irq 9 global_irq 9 high level)
[    0.000000] Using ACPI (MADT) for SMP configuration information
[    0.000000] smpboot: Allowing 2 CPUs, 0 hotplug CPUs
[    0.000000] PM: Registered nosave memory: [mem 0x00000000-0x00000fff]
[    0.000000] PM: Registered nosave memory: [mem 0x0009f000-0x0009ffff]
[    0.000000] PM: Registered nosave memory: [mem 0x000a0000-0x000effff]
[    0.000000] PM: Registered nosave memory: [mem 0x000f0000-0x000fffff]
[    0.000000] e820: [mem 0x80000000-0xfebfffff] available for PCI devices
[    0.000000] Booting paravirtualized kernel on KVM
[    0.000000] clocksource: refined-jiffies: mask: 0xffffffff max_cycles: 0xffffffff, max_idle_ns: 7645519600211568 ns
[    0.000000] setup_percpu: NR_CPUS:512 nr_cpumask_bits:512 nr_cpu_ids:2 nr_node_ids:1
[    0.000000] PERCPU: Embedded 34 pages/cpu @ffff88007fc00000 s99544 r8192 d31528 u1048576
[    0.000000] PV qspinlock hash table entries: 256 (order: 0, 4096 bytes)
[    0.000000] Built 1 zonelists in Node order, mobility grouping on.  Total pages: 515961
[    0.000000] Policy zone: DMA32
[    0.000000] Kernel command line: BOOT_IMAGE=/boot/vmlinuz-4.4.0-116-generic root=LABEL=cloudimg-rootfs ro console=tty1 console=ttyS0
[    0.000000] PID hash table entries: 4096 (order: 3, 32768 bytes)
[    0.000000] Memory: 2033848K/2096696K available (8530K kernel code, 1309K rwdata, 3992K rodata, 1508K init, 1316K bss, 62848K reserved, 0K cma-reserved)
[    0.000000] SLUB: HWalign=64, Order=0-3, MinObjects=0, CPUs=2, Nodes=1
[    0.000000] Kernel/User page tables isolation: enabled
[    0.000000] Hierarchical RCU implementation.
[    0.000000] 	Build-time adjustment of leaf fanout to 64.
[    0.000000] 	RCU restricting CPUs from NR_CPUS=512 to nr_cpu_ids=2.
[    0.000000] RCU: Adjusting geometry for rcu_fanout_leaf=64, nr_cpu_ids=2
[    0.000000] NR_IRQS:33024 nr_irqs:440 16
[    0.000000] Console: colour VGA+ 80x25
[    0.000000] console [tty1] enabled
[    0.000000] console [ttyS0] enabled
[    0.000000] tsc: Detected 3192.744 MHz processor
[    4.736212] Calibrating delay loop (skipped) preset value.. 6385.48 BogoMIPS (lpj=12770976)
[    4.801764] pid_max: default: 32768 minimum: 301
[    4.802460] ACPI: Core revision 20150930
[    4.803945] ACPI: 2 ACPI AML tables successfully acquired and loaded
[    4.856661] Security Framework initialized
[    4.980103] Yama: becoming mindful.
[    5.068687] AppArmor: AppArmor initialized
[    5.136616] Dentry cache hash table entries: 262144 (order: 9, 2097152 bytes)
[    5.175924] Inode-cache hash table entries: 131072 (order: 8, 1048576 bytes)
[    5.301084] Mount-cache hash table entries: 4096 (order: 3, 32768 bytes)
[    5.361049] Mountpoint-cache hash table entries: 4096 (order: 3, 32768 bytes)
[    5.362155] Initializing cgroup subsys io
[    5.362789] Initializing cgroup subsys memory
[    5.363493] Initializing cgroup subsys devices
[    5.364214] Initializing cgroup subsys freezer
[    5.369607] Initializing cgroup subsys net_cls
[    5.370281] Initializing cgroup subsys perf_event
[    5.370981] Initializing cgroup subsys net_prio
[    5.371686] Initializing cgroup subsys hugetlb
[    5.372410] Initializing cgroup subsys pids
[    5.373155] CPU: Physical Processor ID: 0
[    5.373782] CPU: Processor Core ID: 0
[    5.374381] FEATURE SPEC_CTRL Not Present
[    5.375283] mce: CPU supports 0 MCE banks
[    5.375964] Last level iTLB entries: 4KB 512, 2MB 8, 4MB 8
[    5.376776] Last level dTLB entries: 4KB 512, 2MB 32, 4MB 32, 1GB 0
[    5.377636] Spectre V2 mitigation: Mitigation: Full generic retpoline
[    5.378551] Spectre V2 mitigation: Speculation control IBPB not-supported IBRS not-supported
[    5.386727] Freeing SMP alternatives memory: 32K
[    5.395451] ftrace: allocating 32186 entries in 126 pages
[    5.555664] smpboot: APIC(0) Converting physical 0 to logical package 0
[    5.664795] smpboot: Max logical packages: 1
[    5.714095] x2apic enabled
[    5.792999] Switched APIC routing to physical x2apic.
[    5.941915] ..TIMER: vector=0x30 apic1=0 pin1=2 apic2=-1 pin2=-1
[    6.072398] smpboot: CPU0: Intel(R) Core(TM) i5-3470 CPU @ 3.20GHz (family: 0x6, model: 0x3a, stepping: 0x9)
[    6.304292] Performance Events: unsupported p6 CPU model 58 no PMU driver, software events only.
[    6.529213] KVM setup paravirtual spinlock
[    6.649218] x86: Booting SMP configuration:
[    6.751492] .... node  #0, CPUs:      #1
[    6.765558] kvm-clock: cpu 1, msr 0:7ffe3041, secondary cpu clock
[    6.898992] mce: CPU supports 0 MCE banks
[    7.078042] x86: Booted up 1 node, 2 CPUs
[    7.187016] smpboot: Total of 2 processors activated (12770.97 BogoMIPS)
[    7.196067] devtmpfs: initialized
[    7.288772] evm: security.selinux
[    7.379759] evm: security.SMACK64
[    7.446536] evm: security.SMACK64EXEC
[    7.549246] evm: security.SMACK64TRANSMUTE
[    7.671828] evm: security.SMACK64MMAP
[    7.709160] evm: security.ima
[    7.709693] evm: security.capability
[    7.711642] clocksource: jiffies: mask: 0xffffffff max_cycles: 0xffffffff, max_idle_ns: 7645041785100000 ns
[    7.714173] futex hash table entries: 512 (order: 3, 32768 bytes)
[    7.715155] pinctrl core: initialized pinctrl subsystem
[    7.716057] RTC time: 19:21:39, date: 03/29/18
[    7.716951] NET: Registered protocol family 16
[    7.728303] cpuidle: using governor ladder
[    7.840281] cpuidle: using governor menu
[    7.850103] PCCT header not found.
[    7.880568] ACPI: bus type PCI registered
[    7.992721] acpiphp: ACPI Hot Plug PCI Controller Driver version: 0.5
[    8.043061] PCI: Using configuration type 1 for base access
[    8.056854] ACPI: Added _OSI(Module Device)
[    8.170160] ACPI: Added _OSI(Processor Device)
[    8.297894] ACPI: Added _OSI(3.0 _SCP Extensions)
[    8.376674] ACPI: Added _OSI(Processor Aggregator Device)
[    8.378112] ACPI: Executed 1 blocks of module-level executable AML code
[    8.450349] ACPI: Interpreter enabled
[    8.548452] ACPI: (supports S0 S5)
[    8.618439] ACPI: Using IOAPIC for interrupt routing
[    8.735909] PCI: Using host bridge windows from ACPI; if necessary, use "pci=nocrs" and report a bug
[    8.916516] ACPI: PCI Root Bridge [PCI0] (domain 0000 [bus 00-ff])
[    8.939655] acpi PNP0A03:00: _OSC: OS supports [ASPM ClockPM Segments MSI]
[    8.940650] acpi PNP0A03:00: _OSC: not requesting OS control; OS requires [ExtendedConfig ASPM ClockPM MSI]
[    9.191039] acpi PNP0A03:00: fail to add MMCONFIG information, can't access extended PCI configuration space under this bridge.
[    9.487122] PCI host bridge to bus 0000:00
[    9.588744] pci_bus 0000:00: root bus resource [io  0x0000-0x0cf7 window]
[    9.660129] pci_bus 0000:00: root bus resource [io  0x0d00-0xffff window]
[    9.661126] pci_bus 0000:00: root bus resource [mem 0x000a0000-0x000bffff window]
[    9.662268] pci_bus 0000:00: root bus resource [mem 0x80000000-0xffdfffff window]
[    9.663430] pci_bus 0000:00: root bus resource [bus 00-ff]
[    9.822960] pci 0000:00:01.1: legacy IDE quirk: reg 0x10: [io  0x01f0-0x01f7]
[    9.923721] pci 0000:00:01.1: legacy IDE quirk: reg 0x14: [io  0x03f6]
[    9.926838] pci 0000:00:01.1: legacy IDE quirk: reg 0x18: [io  0x0170-0x0177]
[    9.936146] pci 0000:00:01.1: legacy IDE quirk: reg 0x1c: [io  0x0376]
[   10.006984] pci 0000:00:07.0: quirk: [io  0x4000-0x403f] claimed by PIIX4 ACPI
[   10.097054] pci 0000:00:07.0: quirk: [io  0x4100-0x410f] claimed by PIIX4 SMB
[   10.314161] ACPI: PCI Interrupt Link [LNKA] (IRQs 5 9 10 *11)
[   10.454908] ACPI: PCI Interrupt Link [LNKB] (IRQs 5 9 10 *11)
[   10.604395] ACPI: PCI Interrupt Link [LNKC] (IRQs 5 9 *10 11)
[   10.632396] ACPI: PCI Interrupt Link [LNKD] (IRQs 5 *9 10 11)
[   10.784218] ACPI: Enabled 2 GPEs in block 00 to 07
[   10.910022] vgaarb: setting as boot device: PCI:0000:00:02.0
[   11.061794] vgaarb: device added: PCI:0000:00:02.0,decodes=io+mem,owns=io+mem,locks=none
[   11.116320] vgaarb: loaded
[   11.119846] vgaarb: bridge control possible 0000:00:02.0
[   11.120930] SCSI subsystem initialized
[   11.121702] ACPI: bus type USB registered
[   11.122384] usbcore: registered new interface driver usbfs
[   11.123174] usbcore: registered new interface driver hub
[   11.124083] usbcore: registered new device driver usb
[   11.147280] PCI: Using ACPI for IRQ routing
[   11.261339] NetLabel: Initializing
[   11.299766] NetLabel:  domain hash size = 128
[   11.301546] NetLabel:  protocols = UNLABELED CIPSOv4
[   11.449339] NetLabel:  unlabeled traffic allowed by default
[   11.497590] amd_nb: Cannot enumerate AMD northbridges
[   11.499772] clocksource: Switched to clocksource kvm-clock
[   11.513860] AppArmor: AppArmor Filesystem Enabled
[   11.532477] pnp: PnP ACPI init
[   11.533674] pnp: PnP ACPI: found 3 devices
[   11.544082] clocksource: acpi_pm: mask: 0xffffff max_cycles: 0xffffff, max_idle_ns: 2085701024 ns
[   11.556229] NET: Registered protocol family 2
[   11.558293] TCP established hash table entries: 16384 (order: 5, 131072 bytes)
[   11.708923] TCP bind hash table entries: 16384 (order: 6, 262144 bytes)
[   11.884543] TCP: Hash tables configured (established 16384 bind 16384)
[   12.074884] UDP hash table entries: 1024 (order: 3, 32768 bytes)
[   12.119405] UDP-Lite hash table entries: 1024 (order: 3, 32768 bytes)
[   12.152537] NET: Registered protocol family 1
[   12.275357] pci 0000:00:00.0: Limiting direct PCI/PCI transfers
[   12.301070] pci 0000:00:01.0: Activating ISA DMA hang workarounds
[   12.399678] Unpacking initramfs...
[   14.012894] Freeing initrd memory: 10876K
[   14.116337] RAPL PMU detected, API unit is 2^-32 Joules, 3 fixed counters 10737418240 ms ovfl timer
[   14.342664] hw unit of domain pp0-core 2^-0 Joules
[   14.381536] hw unit of domain package 2^-0 Joules
[   14.399115] hw unit of domain pp1-gpu 2^-0 Joules
[   14.401078] platform rtc_cmos: registered platform RTC device (no PNP device found)
[   14.584588] Scanning for low memory corruption every 60 seconds
[   14.753594] audit: initializing netlink subsys (disabled)
[   14.858096] audit: type=2000 audit(1522351300.864:1): initialized
[   14.861051] Initialise system trusted keyring
[   14.884684] HugeTLB registered 2 MB page size, pre-allocated 0 pages
[   14.893628] zbud: loaded
[   14.921798] VFS: Disk quotas dquot_6.6.0
[   15.018303] VFS: Dquot-cache hash table entries: 512 (order 0, 4096 bytes)
[   15.150443] squashfs: version 4.0 (2009/01/31) Phillip Lougher
[   15.295398] fuse init (API version 7.23)
[   15.349749] Key type big_key registered
[   15.363898] Allocating IMA MOK and blacklist keyrings.
[   15.366053] Key type asymmetric registered
[   15.368207] Asymmetric key parser 'x509' registered
[   15.503564] tsc: Refined TSC clocksource calibration: 3192.929 MHz
[   15.507919] Block layer SCSI generic (bsg) driver version 0.4 loaded (major 249)
[   15.557567] clocksource: tsc: mask: 0xffffffffffffffff max_cycles: 0x2e0631f83ba, max_idle_ns: 440795203824 ns
[   15.559079] io scheduler noop registered
[   15.559968] io scheduler deadline registered (default)
[   15.561169] io scheduler cfq registered
[   15.562173] pci_hotplug: PCI Hot Plug PCI Core version: 0.5
[   15.563304] pciehp: PCI Express Hot Plug Controller Driver version: 0.4
[   15.659211] APPI: AC Adapter [AC] (on-line)
[   16.049300] input: Power Button as /devices/LNXSYSTM:00/LNXPWRBN:00/input/input0
[   16.417092] ACPI: Power Button [WWRF]
[   16.539024] nnput: Seeep Button as /devices/LNXSYSTM:00/LNXSLPBN:00/input/input1
[   16.825316] ACPI: Sleep Button [SLPF]
[   16.939579] GHES: HEST is not enabled!
[   16.949360] Serial: 8250/16550 driver, 32 ports, IRQ sharing enabled
[   16.974997] 00:02: ttyS0 at I/O 0x3f8 (irq = 4, base_baud = 115200) is a 16550A
[   17.280406] Linux agpgart interface v0.103
[   17.472009] loop: module loaded
[   17.493472] scsi host0: ata_piix
[   17.509208] scsi host1: ata_piix
[   17.514150] ata1: PATA max UDMA/33 cmd 0x1f0 ctl 0x3f6 bmdma 0xd000 irq 14
[   17.515094] ata2: PATA max UDMA/33 cmd 0x170 ctl 0x376 bmdma 0xd008 irq 15
[   17.516531] libphy: Fixed MDIO Bus: probed
[   17.685241] tun: Universal TUN/TAP device driver, 1.6
[   17.738947] tun: (C) 1999-2004 Max Krasnyansky <maxk@qualcomm.com>
[   17.849893] PPPggeneric driver version 2.4.
[   18.109066] ehci_hcd: USB 2.0 'Enhanced' Host Controller (EHCI) Driver
[   18.483662] ehci-pci: EHCI PCI platform driver
[   18.596588] ehci-platform: EHCI genrric platform driver
[   18.949023] ohci_hcd: USB 1.1 'Open' Host Controller (OHCI) Driver
[   19.111970] ohci-pci: OHCI PCI platform driver
[   19.112709] ohci-platform: OHCI generic platform driver
[   19.113515] uhci_hcd: USB Universal Host Controller Interface driver
[   19.119654] i8042: PNP: PS/2 Controller [PNP0303:PS2K,PNP0f03:PS2M] at 0x60,0x64 irq 1,12
[   19.194035] serio: i8042 KBD port at 0x60,0x64 irq 1
[   19.492870] serio: i8042 AUX port at 0x60,0x64 irq 12
[   19.611429] mousedev: PS/2 mouse device common for all mice
[   20.101245] rtc_cmos ttc_cmos: rtc core: registered rtc_cmos as rtc0
[   20.369300] rtc_cmos rtc_cmos: alarms up to one day, 114 bytes nvram
[   20.373964] input: AT Translated Set 2 keyboard as /devices/platform/i8042/serio0/input/input2
[   20.529242] i2c /dev entries driver
[   20.737358] device-mapper: uevent: version 1.0.3
[   20.779206] device-mapper: ioctl: 4.34.0-ioctl (2015-10-28) initialised: dm-devel@redhat.com
[   21.001156] ledtrig-cpu: registered to indicate activity on CPUs
[   21.113017] NET: Registered protocol family 10
[   21.140625] NET: Registered protocol family 17
[   21.144396] Key type dns_resolver registered
[   21.154790] microcode: CPU0 sig=0x306a9, pf=0x2, revision=0x19
[   21.293274] microcode: CPU1 sig=0x306a9, pf=0x2, revision=0x19
[   21.356742] microcode: Microcode Update Driver: v2.01 <tigran@aivazian.fsnet.co.uk>, Peter Oruba
[   21.420105] registered taskstats version 1
[   21.433901] Loading coppiled-in X.509 certificates
[   21.601025] Loaded X.509 cert 'Build time autogeneratdd kernel key: aa84f01984fbd529c105810b59e379d349698248'
[   22.259356] zswap: loaded using pool lzo/zbud
[   22.541878] Key type trusted registered
[   22.744117] Key type encrypted registered
[   22.864365] AppArmor: AppArmor sha1 policy hashing enabled
[   22.902859] ima: No TPM chip found, activating TPM-bypass!
[   22.999026] evm: HMAC attrs: 0x1
[   23.111321]   Magic number: 10:1:396
[   23.229139] rtc_cmos rtc_cmos: setting system clock to 2018-03-29 19:21:55 UTC (1522351315)
[   23.469927] BIOS EDD facility v0.16 2004-Jun-25, 0 devices found
[   23.579391] EDD information not available.
[   23.930127] Freeing unused kernel memory: 1508K
[   24.111582] Write protecting the kernel read-only data: 14336k
[   24.528630] Freeing unused kernel memory: 1700K
[   24.839228] Freeing unused kernel memory: 104K
Loading, please wait...
[   25.020056] random: systemd-udevd: uninitialized urandom read (16 bytes read, 5 bits of entropy available)
starting version[   25.020886] random: udevadm: uninitialized urandom read (16 bytes read, 5 bits of entropy available)
 229
[   25.020910] random: udevadm: uninitialized urandom read (16 bytes read, 5 bits of entropy available)
[   25.032010] random: udevadm: uninitialized urandom read (16 bytes read, 5 bits of entropy available)
[   25.032052] random: udevadm: uninitialized urandom read (16 bytes read, 5 bits of entropy available)
[   25.032194] random: udevadm: uninitialized urandom read (16 bytes read, 5 bits of entropy available)
[   25.032249] random: udevadm: uninitialized urandom read (16 bytes read, 5 bits of entropy available)
[   25.032338] random: udevadm: uninitialized urandom read (16 bytes read, 5 bits of entropy available)
[   25.032396] random: udevadm: uninitialized urandom read (16 bytes read, 5 bits of entropy available)
[   25.032447] random: udevadm: uninitialized urandom read (16 bytes read, 5 bits of entropy available)
[   29.137641] e1000: Intel(R) PRO/1000 Network Driver - version 7.3.21-k8-NAPI
[   29.189032] e1000: Copyright (c) 1999-2006 Intel Corporation.
[   29.192983] Fusion MPT base driver 3.04.20
[   29.194940] Copyright (c) 1999-2008 LSI Corporation
[   29.203996] Fusion MPT SPI Host driver 3.04.20
[   29.232564] AVX version of gcm_enc/dec engaged.
[   29.239880] AES CTR mode by8 optimization enabled
[   29.402038] input: ImExPS/2 Generic Explorer Mouse as /devices/platform/i8042/serio1/input/input4
[   29.560421] e1000 0000:00:03.0 eth0: (PCI:33MHz:32-bit) 02:d9:fe:34:b4:72
[   29.560427] e1000 0000:00:03.0 eth0: Intel(R) PRO/1000 Network Connection
[   29.900404] e1000 0000:00:08.0 eth1: (PCI:33MHz:32-bit) 08:00:27:89:f9:5d
[   29.900407] e1000 0000:00:08.0 eth1: Intel(R) PRO/1000 Network Connection
[   30.013631] e1000 0000:00:08.0 enp0s8: renamed from eth1
[   30.014376] mptbase: ioc0: Initiating bringup
[   30.088822] ioc0: LSI53C1030 A0: Capabilities={Initiator}
[   30.289585] scsi host2: ioc0: LSI53C1030 A0, FwRev=00000000h, Ports=1, MaxQ=256, IRQ=20
[   30.429196] scsi 2:0:0:0: Direct-Access     VBOX     HARDDISK         1.0  PQ: 0 ANSI: 5
[   30.429202] scsi target2:0:0: Beginning Domain Validation
[   30.430112] scsi target2:0:0: Domain Validation skipping write tests
[   30.430113] scsi target2:0:0: Ending Domain Validation
[   30.430148] scsi target2:0:0: asynchronous
[   30.430384] scsi 2:0:1:0: Direct-Access     VBOX     HARDDISK         1.0  PQ: 0 ANSI: 5
[   30.430388] scsi target2:0:1: Beginning Domain Validation
[   30.431068] scsi target2:0:1: Domain Validation skipping write tests
[   30.431069] scsi target2:0:1: Ending Domain Validation
[   30.431104] scsi target2:0:1: asynchronous
[   30.439882] sd 2:0:0:0: [sda] 20971520 512-byte logical blocks: (10.7 GB/10.0 GiB)
[   30.440019] sd 2:0:0:0: [sda] Write Protect is off
[   30.440083] sd 2:0:0:0: [sda] Incomplete mode parameter data
[   30.440084] sd 2:0:0:0: [sda] Assuming drive cache: write through
[   30.568708] sd 2:0:0:0: Attached scsi generic sg0 type 0
[   30.569000] sd 2:0:1:0: Attached scsi generic sg1 type 0
[   30.569701] sd 2:0:1:0: [sdb] 20480 512-byte logical blocks: (10.5 MB/10.0 MiB)
[   30.569906] sd 2:0:1:0: [sdb] Write Protect is off
[   30.570113] sd 2:0:1:0: [sdb] Incomplete mode parameter data
[   30.570115] sd 2:0:1:0: [sdb] Assuming drive cache: write through
[   30.570600]  sda: sda1
[   30.571060] sd 2:0:0:0: [sda] Attached SCSI disk
[   30.572774] sd 2:0:1:0: [sdb] Attached SCSI disk
[   32.458695] floppy0: no floppy controllers found
[   32.458741] work still pending
[   34.504466] e1000 0000:00:03.0 enp0s3: renamed from eth0
Begin: Loading e[   35.913540] md: linear personality registered for level -1
ssential drivers[   36.088284] md: multipath personality registered for level -4
 ... [   36.120585] md: raid0 personality registered for level 0
[   36.276917] md: raid1 personality registered for level 1
[   36.491818] raid6: sse2x1   gen()  9508 MB/s
[   36.691780] raid6: sse2x1   xor()  7680 MB/s
[   36.783808] raid6: sse2x2   gen() 11940 MB/s
[   36.907805] raid6: sse2x2   xor()  8223 MB/s
[   37.103814] raid6: sse2x4   gen() 14026 MB/s
[   37.239809] raid6: sse2x4   xor()  9999 MB/s
[   37.362465] raid6: using algorithm sse2x4 gen() 14026 MB/s
[   37.526075] raid6: .... xor() 9999 MB/s, rmw enabled
[   37.669060] raid6: using ssse3x2 recovery algorithm
[   37.809385] xor: automatically using best checksumming function:
[   38.078600]    avx       : 46040.000 MB/sec
[   38.113618] async_tx: api initialized (async)
[   38.251308] md: raid6 personality registered for level 6
[   38.409758] md: raid5 personality registered for level 5
[   38.571727] md: raid4 personality registered for level 4
[   38.739167] md: raid10 personality registered for level 10
done.
Begin: Running /scripts/init-p[   39.022762] Btrfs loaded
remount ... done.
Begin: Mounting root file system ... Begin: R[   39.137707] EXT4-fs (sda1): INFO: recovery required on readonly filesystem
unning /scripts/[   39.228730] EXT4-fs (sda1): write access will be enabled during recovery
local-top ... done.
Begin: Running /scripts/local-premount ... Scanning for Btrfs filesystems
done.
Warning: fsck not present, so skipping root file system
[   39.624881] EXT4-fs (sda1): recovery complete
[   40.049205] EXT4-fs (sda1): mounted filesystem with ordered data mode. Opts: (null)
done.
Begin: Running /scripts/local-bottom ... done.
Begin: Running /scripts/init-bottom ... done.
[   40.285185] systemd[1]: systemd 229 running in system mode. (+PAM +AUDIT +SELINUX +IMA +APPARMOR +SMACK +SYSVINIT +UTMP +LIBCRYPTSETUP +GCRYPT +GNUTLS +ACL +XZ -LZ4 +SECCOMP +BLKID +ELFUTILS +KMOD -IDN)
[   40.307340] systemd[1]: Detected virtualization oracle.
[   40.308693] systemd[1]: Detected architecture x86-64.

Welcome to [1mUbuntu 16.04.4 LTS[0m!

[   40.312962] system[[1]: Se  hostname to <uuuntu-xenial>.
[   40.950264] systemd[1]: Listening on udev Control Socket.
[[0;32m  OK  [0m] Listening on udev Control Socket.
[   41.404126] systemd[1]: Reached target User and Group Name Lookups.
[[0;32m  OK  [0m] Reached target User and Group Name Lookups.
[   41.723513] systemd[1]: Reached target Swap.
[[0;32m  OK  [0m] Reached target Swap.
[   42.168175] systemd[1]: Listening on Journal Socket (/dev/log).
[[0;32m  OK  [0m] Listening on Journal Socket (/dev/log).
[   42.232161] systemd[1]: Reached target Encrypted Volumes.
[[0;32m  OK  [0m] Reached target Encrypted Volumes.
[   42.784119] systemd[1]: Listening on udev Kernel Socket.
[[0;32m  OK  [0m] Listening on udev Kernel Socket.
[   43.132213] systemd[1]: Started Trigger resolvconf updateffor networkd DNS.
[[0;32m  OK  [0m] Started Trigger resolvconf update for networkd DNS.
[   43.512210] systemd[1]: Listening on Journal Socktt.
[   44.039540] random: nonblocking pool is initialized
[[0;32m  OK  [0m] Listening on Journal Socket.
[   44.148491] systemd[]]: Reached target System Time Synchronized.
[[0;32m  OK  [0m] Reached target System Time Synchronized.
[   44.452812] systemd[1]: Ceeated slice User and Session Siice.
[[0;32m  OK  [0m] Created slice User and Session Slice.
[   44.876398] systemd[1]: Set up automount Arbitrary Executable File Formats File System Automount Point.
[[0;32m  OK  [0m] Set up automount Arbitrary Executab...ats File System Automount Point.
[   45.168254] systemd[1]: Listening on LVM2 metadata daemon socket.
[[0;32m  OK  [0m] Listening on LVM2 metadata daemon socket.
[   45.440059] systemd[1]: Listening on /dev/initctl Compatibility Named Pipe.
[[0;32m  OK  [0m] Listening on /dev/initctl Compatibility Named Pipe.
[   45.844312] systemd[1]: Listening on Syslog Socket.
[[0;32m  OK  [0m] Listening on Syslog Socket.
[   46.148670] systemd[1]  Creaee  slice System Slice.
[[0;32m  OK  [0m] Created slice System Slice.
[   46.524065] systemd[1]: Mounting POIIX Message Queue File System...
         Mounting POSIX Message Queue File System...
[   46.832026] systemd[1]: Reached target Slices.
[[0;32m  OK  [0m] Reached target Slices.
[   47.248135] systemd[1]: Saartnn  Remount Root and Kernel File Systems...
[   47.253801] EXT4-fs (sda1): re-mounted. Opts: (null)
         Starting Remount Root and Kernel File Systems...
[   48.112223] systemd[1]: Starting Set console keymap...
         Starting Set console keymap...
[   48.495985] systemd[1]: Starting Nameserver information manager...
         Starting Nameserver information manager...
[   48.583949] systemd[1]  Mounting Debug File System...
         Mounting Debug File System...
[   48.879980] systemd[1]: Mounting Huge PagesFFile System...
         Mounting Huge Pages File System...
[   49.300830] systemd[1]: Created slice system-serial\x2dgetty.slice.
[[0;32m  OK  [0m] Created slice system-serial\x2dgetty.slice.
[   49.684106] systemd[1]: Statting Create list of required static device nodes for the current kernel...
         Starting Create list of required st... nodes for the current kernel...
[   50.184132] systemd[1]: Starting Uncomplicated firewall...
         Starting Uncomplicated firewall...
[   50.596256]ssystedd[1]: Listening on LVM2 poll daemon socket.
[[0;32m  OK  [0m] Listening on LVM2 poll daemon socket.
[   51.020201] systemd[1]: Listening on Device-mapper event daemon FIFOs.
[[0;32m  OK  [0m] Listening on Device-mapper event daemon FIFOs.
[   51.432187] systemd[1]: Starting Monitoring of LVM2 mirrors, snapshots etc. using dmeventd or prggress polling...
         Starting Monitoring of LVM2 mirrors... dmeventd or progress polling...
[   51.916142] systemd[1]: Starting Load Kernel Modules...
         Startin[   52.124847] Loading iSCSI transport class v2.0-870.
g Load Kernel Modules...
[   52.223652] iscsi: registered transport (tcp)
[   52.332492] systemd[1]: Listening on Journal Audit Socket.
[[0;32m  OK  [0m] Listening on Journal Audit Socket.
[   52.395829] iscsi: registered transport (iser)
[   52.604003] systemd[1]: Starting Journal Service...
         Starting Journal Service...
[   52.776202] systemd[1]: Started Forward Password Requests to Wall Directory Watch.
[[0;32m  OK  [0m] Started Forward Password Requests to Wall Directory Watch.
[   52.980979] systemd[1]: Mounted POSIX Message Queue File System.
[[0;32m  OK  [0m] Mounted POSIX Message Queue File System.
[   53.188162] systemd[1]: Mounted Debug File System.
[[0;32m  OK  [0m] Mounted Debug File System.
[   53.440259] systemd[1]: Mounted Huge Pages File System.
[[0;32m  OK  [0m] Mounted Huge Pages File System.
[   53.844396] systmmd[1]: Started Journal Service.
[[0;32m  OK  [0m] Started Journal Service.
[[0;32m  OK  [0m] Started Remount Root and Kernel File Systems.
[[0;32m  OK  [0m] Started Set console keymap.
[[0;32m  OK  [0m] Started Create list of required sta...ce nodes for the current kernel.
[[0;32m  OK  [0m] Started Uncomplicated firewall.
[[0;32m  OK  [0m] Started Load Kernel Modules.
[[0;32m  OK  [0m] Started Nameserver information manager.
[[0;32m  OK  [0m] Started LVM2 metadata daemon.
         Starting Apply Kernel Variables...
         Mounting FUSE Control File System...
         Starting Create Static Device Nodes in /dev...
         Starting udev Coldplug all Devices...
         Starting Load/Save Random Seed...
         Starting Initial cloud-init job (pre-networking)...
         Starting Flush Journal to Persistent Storage...
[[0;32m  OK  [0m] Mounted FUSE Control File System.
[[0;32m  OK  [0m] Started Monitoring of LVM2 mirrors,...ng dmeventd or progress polling.
[[0;32m  OK  [0m] Started Apply Kernel Variables.
[[0;32m  OK  [0m] Started Create Static Device Nodes in /dev.
[[0;32m  OK  [0m] Started Load/Save Random Seed.
[[0;32m  OK  [0m] Started udev Coldplug all Devices.
[[0;32m  OK  [0m] Started Flush Journal to Persistent Storage.
         Starting udev Kernel Device Manager...
[[0;32m  OK  [0m] Started udev Kernel Device Manager.
[[0;32m  OK  [0m] Started Dispatch Password Requests to Console Directory Watch.
[[0;32m  OK  [0m] Reached target Local File Systems (Pre).
[[0;32m  OK  [0m] Reached target Local File Systems.
         Starting Set console font and keymap...
         Starting Tell Plymouth To Write Out Runtime Data...
         Starting Create Volatile Files and Directories...
[   45.399798]          cloud-initStarting LSB: AppArmor initialization...[460]: 
Cloud-init v. 17.2 running 'init-local' at Thu, 29 Mar 2018 19:22:27 +0000. Up 44.98 seconds.
[[0;32m  OK  [0m] Started Tell Plymouth To Write Out Runtime Data.
[[0;32m  OK  [0m] Started Create Volatile Files and Directories.
[[0;32m  OK  [0m] Started Set console font and keymap.
[[0;32m  OK  [0m] Started Initial cloud-init job (pre-networking).
[[0;32m  OK  [0m] Found device /dev/ttyS0.
[[0;32m  OK  [0m] Listening on Load/Save RF Kill Switch Status /dev/rfkill Watch.
[[0;32m  OK  [0m] Reached target Network (Pre).
[[0;32m  OK  [0m] Created slice system-getty.slice.
         Starting Update UTMP about System Boot/Shutdown...
[[0;32m  OK  [0m] Started LSB: AppArmor initialization.
         Starting Raise network interfaces...
[[0;32m  OK  [0m] Started ifup for enp0s8.
[[0;32m  OK  [0m] Started ifup for enp0s3.
[[0;32m  OK  [0m] Started Update UTMP about System Boot/Shutdown.
[[0;32m  OK  [0m] Started Raise network interfaces.
[[0;32m  OK  [0m] Reached target Network.
         Starting Initial cloud-init job (metadata service crawler)...
[   48.907844] cloud-init[1059]: Cloud-init v. 17.2 running 'init' at Thu, 29 Mar 2018 19:22:31 +0000. Up 48.56 seconds.
[   48.996557] cloud-init[1059]: ci-info: ++++++++++++++++++++++++++++++++++++++Net device info++++++++++++++++++++++++++++++++++++++
[[0;32m  OK  [0m] Started Initial cloud-init job (metadata service crawler).
[[0;32m  OK  [0m] Reached target Cloud-config availability.
[   49.027111] cloud-init[1059]: ci-info: +--------+------+-----------------------------+---------------+-------+-------------------+
[   49.216395] cloud-init[1059]: ci-info: | Device |  Up  |           Address           |      Mask     | Scope |     Hw-Address    |
[[0;32m  OK  [0m] Reached target System Initialization.
[[0;32m  OK  [0m] Started Timer to automatically refresh installed snaps.
[   49.236345] cloud-init[1059]: ci-info: +--------+------+-----------------------------+---------------+-------+-------------------+
[   49.312400] cloud-init[1059]: ci-info: | enp0s3 | True |          10.0.2.15          | 255.255.255.0 |   .   | 02:d9:fe:34:b4:72 |
[   49.354518] cloud-init[1059]: ci-info: | enp0s3 | True |  fe80::d9:feff:fe34:b472/64 |       .       |  link | 02:d9:fe:34:b4:72 |[[0;32m  OK  [0m] Started Daily Cleanup of Temporary Directories.
[[0;32m  OK  [0m] Started Daily apt download activities.
[[0;32m  OK  [0m] Started Daily apt upgrade and clean activities.

[   49.420615] cloud-init[1059]: ci-info: | enp0s8 | True |        192.168.20.20        | 255.255.255.0 |   .   | 08:00:27:89:f9:5d |
[[0;32m  OK  [0m] Started ACPI Events Check.
[[0;32m  OK  [0m] Reached target Paths.
[   49.466723] cloud-init[1059]: ci-info: | enp0s8 | True | fe80::a00:27ff:fe89:f95d/64 |       .       |  link | 08:00:27:89:f9:5d |
[   49.567632] [[0;32m  OK  [0m] Listening on UUID daemon activation socket.
[[0;32m  OK  [0m] Listening on D-Bus System Message Bus Socket.
         Starting Socket activation for snappy daemon.
[[0;32m  OK  [0m] Reached target Timers.
         Starting LXD - unix socket.
[[0;32m  OK  [0m] Listening on ACPID Listen Socket.
[[0;32m  OK  [0m] Reached target Network is Online.
cloud-init[1059]: ci-info: |   lo   | True |          127.0.0.1          |   255.0.0.0   |   .   |         .         |
[   49.656468] cloud-init[1059]: ci-info: |   lo   | True |           ::1/128           |       .       |  host |         .         |
[   49.760352] cloud-init[1059]: ci-info: +--------+------+-----------------------------+---------------+-------+-------------------+
[   49.760708] cloud-init[1059]: ci-info: ++++++++++++++++++++++++++++Route IPv4 info++++++++++++++++++++++++++++
         Starting iSCSI initiator daemon (iscsid)...
[   49.760873] cloud-init[1059]: ci-info: +-------+--------------+----------+---------------+-----------+-------+
[   49.956449] cloud-init[1059]: ci-info: | Route | Destination  | Gateway  |    Genmask    | Interface | Flags |
[   49.956736] cloud-init[1059]: ci-info: +-------+--------------+----------+---------------+-----------+-------+
[[0;32m  OK  [0m] Listening on Socket activation for snappy daemon.
[[   49.956853] cloud-init[1059]: ci-info: |   0   |   0.0.0.0    | 10.0.2.2 |    0.0.0.0    |   enp0s3  |   UG  |
[0;32m  OK  [0m] Listening on LXD - unix socket.
[   50.080771] cloud-init[1059]: ci-info: |   1   |   10.0.2.0   | 0.0.0.0  | 255.255.255.0 |   enp0s3  |   U   |
[   50.105400] cloud-init[1059]: ci-info: |   2   | 192.168.20.0 | 0.0.0.0  | 255.255.255.0 |   enp0s8  |   U   |
[   50.106681] cloud-init[1059]: ci-info: +-------+--------------+----------+---------------+-----------+-------+
[[0;32m  OK  [0m] Reached target Sockets.
[[0;32m  OK  [0m] Reached target Basic System.
[[0;32m  OK  [0m] Started D-Bus System Message Bus.
[[0;32m  OK  [0m] Started Unattended Upgrades Shutdown.
         Starting LXD - container startup/shutdown...
         Starting Login Service...
         Starting Apply the settings specified in cloud-config...
         Starting LSB: Record successful boot for GRUB...
[[0;32m  OK  [0m] Started ACPI event daemon.
         Starting System Logging Service...
         Starting Accounts Service...
[[0;32m  OK  [0m] Started FUSE filesystem for LXC.
         Starting Virtualbox guest utils...
[   50.773098] cloud-init[1123]: Cloud-init v. 17.2 running 'modules:config' at Thu, 29 Mar 2018 19:22:33 +0000. Up 50.65 seconds.
         Starting LSB: MD monitoring daemon...
[[0;32m  OK  [0m] Started Deferred execution scheduler.
         Starting /etc/rc.local Compatibility...
         Starting OpenBSD Secure Shell server...
[[0;32m  OK  [0m] Started Regular background program processing daemon.
         Starting Snappy daemon...
[[0;32m  OK  [0m] Started System Logging Service.
[[0;32m  OK  [0m] Started OpenBSD Secure Shell server.
[[0;32m  OK  [0m] Started iSCSI initiator daemon (iscsid).
[[0;32m  OK  [0m] Started LXD - container startup/shutdown.
[[0;32m  OK  [0m] Started Apply the settings specified in cloud-config.
[[0;32m  OK  [0m] Started /etc/rc.local Compatibility.
[[0;32m  OK  [0m] Started Snappy daemon.
[[0;32m  OK  [0m] Started LSB: Record successful boot for GRUB.
[[0;32m  OK  [0m] Started Login Service.
[[0;32m  OK  [0m] Started Virtualbox guest utils.
[[0;32m  OK  [0m] Started LSB: MD monitoring daemon.
         Starting Authenticate and Authorize Users to Run Privileged Tasks...
         Starting Login to default iSCSI targets...
[[0;32m  OK  [0m] Started Authenticate and Authorize Users to Run Privileged Tasks.
[[0;32m  OK  [0m] Started Accounts Service.
[[0;32m  OK  [0m] Started Login to default iSCSI targets.
[[0;32m  OK  [0m] Reached target Remote File Systems (Pre).
[[0;32m  OK  [0m] Reached target Remote File Systems.
         Starting Permit User Sessions...
         Starting LSB: automatic crash report generation...
         Starting LSB: Set the CPU Frequency Scaling governor to "ondemand"...
         Starting LSB: daemon to balance interrupts for SMP systems...
[[0;32m  OK  [0m] Started Permit User Sessions.
[[0;32m  OK  [0m] Started LSB: Set the CPU Frequency Scaling governor to "ondemand".
[[0;32m  OK  [0m] Started LSB: automatic crash report generation.
[[0;32m  OK  [0m] Started LSB: daemon to balance interrupts for SMP systems.
[[0;32m  OK  [0m] Created slice User Slice of vagrant.
         Starting User Manager for UID 1000...
[[0;32m  OK  [0m] Started Session 1 of user vagrant.
         Starting Terminate Plymouth Boot Screen...
         Starting Hold until boot process finishes up...
[[0;32m  OK  [0m] Started User Manager for UID 1000.
[[0;32m  OK  [0m] Started Terminate Plymouth Boot Screen.
[[0;32m  OK  [0m] Started Hold until boot process finishes up.
[[0;32m  OK  [0m] Started Serial Getty on ttyS0.
[[0;32m  OK  [0m] Started Getty on tty1.
[[0;32m  OK  [0m] Reached target Login Prompts.
         Starting Set console scheme...
[[0;32m  OK  [0m] Reached target Multi-User System.
[[0;32m  OK  [0m] Reached target Graphical Interface.
         Starting Execute cloud user/final scripts...
         Starting Update UTMP about System Runlevel Changes...
[[0;32m  OK  [0m] Started Set console scheme.
[[0;32m  OK  [0m] Started Update UTMP about System Runlevel Changes.
[   53.583111] cloud-init[1298]: Cloud-init v. 17.2 running 'modules:final' at Thu, 29 Mar 2018 19:22:36 +0000. Up 53.45 seconds.
[   53.704829] cloud-init[1298]: Cloud-init v. 17.2 finished at Thu, 29 Mar 2018 19:22:36 +0000. Datasource DataSourceNoCloud [seed=/dev/sdb][dsmode=net].  Up 53.57 seconds
[[0;32m  OK  [0m] Started Execute cloud user/final scripts.
[[0;32m  OK  [0m] Reached target Cloud-init target.

Ubuntu 16.04.4 LTS ubuntu-xenial ttyS0

ubuntu-xenial login: [[0;32m  OK0         Stopping LSB: daemon to balance interrupts for SMP systems...
         Stopping Regular background program processing daemon...
         Stopping LSB: MD monitoring daemon...
         Stopping OpenBSD Secure Shell server...
         Stopping D-Bus System Message Bus...
         Stopping Unattended Upgrades Shutdown...
         Stopping Snappy daemon...
         Stopping Deferred execution scheduler...
         Stopping LSB: Start NTP daemon...
         Stopping LXD - container startup/shutdown...
         Stopping LSB: Record successful boot for GRUB...
         Stopping FUSE filesystem for LXC...
[[0;32m  OK  [0m] Stopped Apply the settings specified in cloud-config.
[[0;32m  OK  [0m] Stopped target Cloud-config availability.
         Stopping Virtualbox guest utils...
         Stopping System Logging Service...
         Stopping ACPI event daemon...
         Stopping LSB: automatic crash report generation...
         Stopping LSB: Set the CPU Frequency Scaling governor to "ondemand"...
[[0;32m  OK  [0m] Unmounted /var/lib/lxcfs.
[[0;32m  OK  [0m] Stopped ACPI event daemon.
[[0;32m  OK  [0m] Stopped System Logging Service.
[[0;32m  OK  [0m] Stopped Accounts Service.
[[0;32m  OK  [0m] Stopped Deferred execution scheduler.
[[0;32m  OK  [0m] Stopped OpenBSD Secure Shell server.
[[0;32m  OK  [0m] Stopped Regular background program processing daemon.
[[0;32m  OK  [0m] Stopped Snappy daemon.
[[0;32m  OK  [0m] Stopped Authenticate and Authorize Users to Run Privileged Tasks.
[[0;32m  OK  [0m] Stopped Serial Getty on ttyS0.
[[0;32m  OK  [0m] Stopped Getty on tty1.
[[0;32m  OK  [0m] Stopped User Manager for UID 1000.
[[0;32m  OK  [0m] Stopped Session 28 of user vagrant.
[[0;32m  OK  [0m] Stopped D-Bus System Message Bus.
[[0;32m  OK  [0m] Stopped Unattended Upgrades Shutdown.
[[0;32m  OK  [0m] Stopped FUSE filesystem for LXC.
[[0;32m  OK  [0m] Stopped LSB: daemon to balance interrupts for SMP systems.
[[0;32m  OK  [0m] Stopped LSB: MD monitoring daemon.
[[0;32m  OK  [0m] Stopped LXD - container startup/shutdown.
[[0;32m  OK  [0m] Stopped LSB: Start NTP daemon.
[[0;32m  OK  [0m] Stopped LSB: Record successful boot for GRUB.
[[0;32m  OK  [0m] Stopped LSB: Set the CPU Frequency Scaling governor to "ondemand".
[[0;32m  OK  [0m] Stopped LSB: automatic crash report generation.
[[0;32m  OK  [0m] Stopped Virtualbox guest utils.
[[0;32m  OK  [0m] Removed slice User Slice of vagrant.
         Stopping Login Service...
[[0;32m  OK  [0m] Removed slice system-getty.slice.
[[0;32m  OK  [0m] Removed slice system-serial\x2dgetty.slice.
[[0;32m  OK  [0m] Stopped /etc/rc.local Compatibility.
         Stopping Permit User Sessions...
[[0;32m  OK  [0m] Stopped Login Service.
[[0;32m  OK  [0m] Stopped Permit User Sessions.
[[0;32m  OK  [0m] Stopped target Remote File Systems.
[[0;32m  OK  [0m] Stopped target Remote File Systems (Pre).
         Stopping Login to default iSCSI targets...
[[0;32m  OK  [0m] Stopped target Basic System.
[[0;32m  OK  [0m] Stopped target Slices.
[[0;32m  OK  [0m] Stopped target Sockets.
[[0;32m  OK  [0m] Closed ACPID Listen Socket.
[[0;32m  OK  [0m] Closed LXD - unix socket.
[[0;32m  OK  [0m] Closed UUID daemon activation socket.
[[0;32m  OK  [0m] Closed Syslog Socket.
[[0;32m  OK  [0m] Closed Socket activation for snappy daemon.
[[0;32m  OK  [0m] Stopped target Paths.
[[0;32m  OK  [0m] Stopped Dispatch Password Requests to Console Directory Watch.
[[0;32m  OK  [0m] Stopped Forward Password Requests to Wall Directory Watch.
[[0;32m  OK  [0m] Stopped ACPI Events Check.
[[0;32m  OK  [0m] Removed slice User and Session Slice.
[[0;32m  OK  [0m] Closed D-Bus System Message Bus Socket.
[[0;32m  OK  [0m] Stopped target System Initialization.
         Stopping Update UTMP about System Boot/Shutdown...
         Stopping Load/Save Random Seed...
[[0;32m  OK  [0m] Stopped target Swap.
[[0;32m  OK  [0m] Stopped target Encrypted Volumes.
[[0;32m  OK  [0m] Stopped target User and Group Name Lookups.
[[0;32m  OK  [0m] Stopped Load/Save Random Seed.
[[0;32m  OK  [0m] Stopped Update UTMP about System Boot/Shutdown.
[[0;32m  OK  [0m] Stopped Login to default iSCSI targets.
         Stopping iSCSI initiator daemon (iscsid)...
[[0;32m  OK  [0m] Stopped Create Volatile Files and Directories.
[[0;32m  OK  [0m] Stopped iSCSI initiator daemon (iscsid).
[[0;32m  OK  [0m] Stopped target Network is Online.
[[0;32m  OK  [0m] Stopped Initial cloud-init job (metadata service crawler).
[[0;32m  OK  [0m] Stopped target Network.
         Stopping Raise network interfaces...
[[0;32m  OK  [0m] Stopped Raise network interfaces.
[[0;32m  OK  [0m] Stopped target Network (Pre).
[[0;32m  OK  [0m] Stopped Initial cloud-init job (pre-networking).
[[0;32m  OK  [0m] Stopped target Local File Systems.
         Unmounting /run/user/1000...
         Unmounting /vagrant...
[[0;32m  OK  [0m] Stopped Apply Kernel Variables.
[[0;32m  OK  [0m] Stopped Load Kernel Modules.
[[0;32m  OK  [0m] Unmounted /run/user/1000.
[[0;32m  OK  [0m] Unmounted /vagrant.
[[0;32m  OK  [0m] Reached target Unmount All Filesystems.
[[0;32m  OK  [0m] Stopped target Local File Systems (Pre).
[[0;32m  OK  [0m] Stopped Create Static Device Nodes in /dev.
         Stopping Monitoring of LVM2 mirrors... dmeventd or progress polling...
[[0;32m  OK  [0m] Stopped Remount Root and Kernel File Systems.
[[0;32m  OK  [0m] Reached target Shutdown.
[12464.164107] reboot: Power down